Archive member included to satisfy reference by file (symbol)

app/libapp.a(main.c.obj)      (--whole-archive)
zephyr/libzephyr.a(cbprintf_packaged.c.obj)
                              (--whole-archive)
zephyr/libzephyr.a(dec.c.obj)
                              (--whole-archive)
zephyr/libzephyr.a(fdtable.c.obj)
                              (--whole-archive)
zephyr/libzephyr.a(hex.c.obj)
                              (--whole-archive)
zephyr/libzephyr.a(printk.c.obj)
                              (--whole-archive)
zephyr/libzephyr.a(rb.c.obj)  (--whole-archive)
zephyr/libzephyr.a(sem.c.obj)
                              (--whole-archive)
zephyr/libzephyr.a(thread_entry.c.obj)
                              (--whole-archive)
zephyr/libzephyr.a(timeutil.c.obj)
                              (--whole-archive)
zephyr/libzephyr.a(heap.c.obj)
                              (--whole-archive)
zephyr/libzephyr.a(heap-validate.c.obj)
                              (--whole-archive)
zephyr/libzephyr.a(bitarray.c.obj)
                              (--whole-archive)
zephyr/libzephyr.a(multi_heap.c.obj)
                              (--whole-archive)
zephyr/libzephyr.a(onoff.c.obj)
                              (--whole-archive)
zephyr/libzephyr.a(notify.c.obj)
                              (--whole-archive)
zephyr/libzephyr.a(cbprintf_complete.c.obj)
                              (--whole-archive)
zephyr/libzephyr.a(assert.c.obj)
                              (--whole-archive)
zephyr/libzephyr.a(reboot.c.obj)
                              (--whole-archive)
zephyr/libzephyr.a(configs.c.obj)
                              (--whole-archive)
zephyr/libzephyr.a(soc.c.obj)
                              (--whole-archive)
zephyr/libzephyr.a(sync_rtc.c.obj)
                              (--whole-archive)
zephyr/libzephyr.a(soc_nrf_common.S.obj)
                              (--whole-archive)
zephyr/libzephyr.a(validate_base_addresses.c.obj)
                              (--whole-archive)
zephyr/libzephyr.a(validate_enabled_instances.c.obj)
                              (--whole-archive)
zephyr/libzephyr.a(log_core.c.obj)
                              (--whole-archive)
zephyr/libzephyr.a(log_mgmt.c.obj)
                              (--whole-archive)
zephyr/libzephyr.a(log_cache.c.obj)
                              (--whole-archive)
zephyr/libzephyr.a(log_msg.c.obj)
                              (--whole-archive)
zephyr/libzephyr.a(log_output.c.obj)
                              (--whole-archive)
zephyr/libzephyr.a(log_backend_uart.c.obj)
                              (--whole-archive)
zephyr/libzephyr.a(tracing_none.c.obj)
                              (--whole-archive)
zephyr/libzephyr.a(nrf_cc3xx_platform_abort_zephyr.c.obj)
                              (--whole-archive)
zephyr/libzephyr.a(nrf_cc3xx_platform_mutex_zephyr.c.obj)
                              (--whole-archive)
zephyr/arch/common/libarch__common.a(sw_isr_common.c.obj)
                              (--whole-archive)
zephyr/arch/arch/arm/core/aarch32/libarch__arm__core__aarch32.a(cpu_idle.S.obj)
                              (--whole-archive)
zephyr/arch/arch/arm/core/aarch32/libarch__arm__core__aarch32.a(fatal.c.obj)
                              (--whole-archive)
zephyr/arch/arch/arm/core/aarch32/libarch__arm__core__aarch32.a(irq_manage.c.obj)
                              (--whole-archive)
zephyr/arch/arch/arm/core/aarch32/libarch__arm__core__aarch32.a(nmi.c.obj)
                              (--whole-archive)
zephyr/arch/arch/arm/core/aarch32/libarch__arm__core__aarch32.a(nmi_on_reset.S.obj)
                              (--whole-archive)
zephyr/arch/arch/arm/core/aarch32/libarch__arm__core__aarch32.a(prep_c.c.obj)
                              (--whole-archive)
zephyr/arch/arch/arm/core/aarch32/libarch__arm__core__aarch32.a(swap.c.obj)
                              (--whole-archive)
zephyr/arch/arch/arm/core/aarch32/libarch__arm__core__aarch32.a(swap_helper.S.obj)
                              (--whole-archive)
zephyr/arch/arch/arm/core/aarch32/libarch__arm__core__aarch32.a(thread.c.obj)
                              (--whole-archive)
zephyr/arch/arch/arm/core/aarch32/libarch__arm__core__aarch32.a(isr_wrapper.S.obj)
                              (--whole-archive)
zephyr/arch/arch/arm/core/aarch32/libarch__arm__core__aarch32.a(tls.c.obj)
                              (--whole-archive)
zephyr/arch/arch/arm/core/aarch32/cortex_m/libarch__arm__core__aarch32__cortex_m.a(exc_exit.S.obj)
                              (--whole-archive)
zephyr/arch/arch/arm/core/aarch32/cortex_m/libarch__arm__core__aarch32__cortex_m.a(fault.c.obj)
                              (--whole-archive)
zephyr/arch/arch/arm/core/aarch32/cortex_m/libarch__arm__core__aarch32__cortex_m.a(fault_s.S.obj)
                              (--whole-archive)
zephyr/arch/arch/arm/core/aarch32/cortex_m/libarch__arm__core__aarch32__cortex_m.a(fpu.c.obj)
                              (--whole-archive)
[...]
Memory Configuration

Name             Origin             Length             Attributes
FLASH            0x0000000000000000 0x0000000000100000 xr
RAM              0x0000000020000000 0x0000000000070000 xw
IDT_LIST         0x00000000fffff7ff 0x0000000000000800 xw
*default*        0x0000000000000000 0xffffffffffffffff

Linker script and memory map

                0x0000000000006650                vfprintf = __i_vfprintf
                0x0000000000000000                vfscanf = __i_vfscanf
LOAD zephyr/CMakeFiles/zephyr_final.dir/misc/empty_file.c.obj
LOAD zephyr/CMakeFiles/zephyr_final.dir/isr_tables.c.obj
LOAD app/libapp.a
LOAD zephyr/libzephyr.a
LOAD zephyr/arch/common/libarch__common.a
LOAD zephyr/arch/arch/arm/core/aarch32/libarch__arm__core__aarch32.a
LOAD zephyr/arch/arch/arm/core/aarch32/cortex_m/libarch__arm__core__aarch32__cortex_m.a
LOAD zephyr/arch/arch/arm/core/aarch32/cortex_m/cmse/libarch__arm__core__aarch32__cortex_m__cmse.a
LOAD zephyr/arch/arch/arm/core/aarch32/mpu/libarch__arm__core__aarch32__mpu.a
LOAD zephyr/lib/libc/picolibc/liblib__libc__picolibc.a
LOAD zephyr/lib/libc/common/liblib__libc__common.a
LOAD zephyr/soc/soc/arm/common/cortex_m/libsoc__arm__common__cortex_m.a
LOAD zephyr/drivers/clock_control/libdrivers__clock_control.a
LOAD zephyr/drivers/console/libdrivers__console.a
LOAD zephyr/drivers/gpio/libdrivers__gpio.a
LOAD zephyr/drivers/mbox/libdrivers__mbox.a
LOAD zephyr/drivers/pinctrl/libdrivers__pinctrl.a
LOAD zephyr/drivers/pwm/libdrivers__pwm.a
LOAD zephyr/drivers/serial/libdrivers__serial.a
LOAD zephyr/drivers/timer/libdrivers__timer.a
LOAD modules/nrf/lib/fatal_error/lib..__nrf__lib__fatal_error.a
LOAD modules/nrf/drivers/hw_cc310/lib..__nrf__drivers__hw_cc310.a
LOAD modules/hal_nordic/nrfx/libmodules__hal_nordic__nrfx.a
LOAD zephyr/kernel/libkernel.a
LOAD zephyr/CMakeFiles/offsets.dir/./arch/arm/core/offsets/offsets.c.obj
LOAD c:/ncs/toolchains/c57af46cb7/opt/zephyr-sdk/arm-zephyr-eabi/bin/../lib/gcc/arm-zephyr-eabi/12.2.0/thumb/v8-m.main/nofp\libgcc.a
LOAD zephyr/arch/common/libisr_tables.a
LOAD C:/ncs/v2.5.0/nrfxlib/crypto/nrf_cc312_platform/lib/cortex-m33/soft-float/no-interrupts/libnrf_cc312_platform_0.9.18.a
LOAD c:\ncs\toolchains\c57af46cb7\opt\zephyr-sdk\arm-zephyr-eabi\bin\../lib/gcc/../../picolibc/arm-zephyr-eabi/lib/thumb/v8-m.main/nofp\libc.a
LOAD c:/ncs/toolchains/c57af46cb7/opt/zephyr-sdk/arm-zephyr-eabi/bin/../lib/gcc/arm-zephyr-eabi/12.2.0/thumb/v8-m.main/nofp\libgcc.a
                0x0000000000000020                _region_min_align = 0x20

.rel.plt        0x0000000000000000        0x0
 *(SORT_BY_ALIGNMENT(.rel.plt))
                [!provide]                        PROVIDE (__rel_iplt_start = .)
 *(SORT_BY_ALIGNMENT(.rel.iplt))
 .rel.iplt      0x0000000000000000        0x0 zephyr/CMakeFiles/zephyr_final.dir/isr_tables.c.obj
                [!provide]                        PROVIDE (__rel_iplt_end = .)

.rela.plt       0x0000000000000000        0x0
 *(SORT_BY_ALIGNMENT(.rela.plt))
                [!provide]                        PROVIDE (__rela_iplt_start = .)
 *(SORT_BY_ALIGNMENT(.rela.iplt))
                [!provide]                        PROVIDE (__rela_iplt_end = .)

.rel.dyn
 *(SORT_BY_ALIGNMENT(.rel.*))

.rela.dyn
 *(SORT_BY_ALIGNMENT(.rela.*))

/DISCARD/
 *(SORT_BY_ALIGNMENT(.plt))

/DISCARD/
 *(SORT_BY_ALIGNMENT(.iplt))
                0x0000000000000000                __rom_region_start = 0x0

rom_start       0x0000000000000000      0x154
                0x0000000000000000                __rom_start_address = .
                0x0000000000000000                . = (. + (0x0 - (. - __rom_start_address)))
                0x0000000000000000                . = ALIGN (0x4)
                0x0000000000000000                . = ALIGN (0x80)
                0x0000000000000000                . = ALIGN (0x200)
                0x0000000000000000                _vector_start = .
 *(SORT_BY_ALIGNMENT(.exc_vector_table))
 *(SORT_BY_ALIGNMENT(.exc_vector_table.*))
 .exc_vector_table._vector_table_section
                0x0000000000000000       0x40 zephyr/arch/arch/arm/core/aarch32/cortex_m/libarch__arm__core__aarch32__cortex_m.a(vector_table.S.obj)
                0x0000000000000000                _vector_table
 *(SORT_BY_ALIGNMENT(.vectors))
                0x0000000000000154                _vector_end = .
                0x0000000000000040                . = ALIGN (0x4)
 *(SORT_BY_ALIGNMENT(.gnu.linkonce.irq_vector_table*))
 .gnu.linkonce.irq_vector_table
                0x0000000000000040      0x114 zephyr/CMakeFiles/zephyr_final.dir/isr_tables.c.obj
                0x0000000000000040                _irq_vector_table
                0x0000000000000154                _vector_end = .

text            0x0000000000000158     0x7964
                0x0000000000000158                __text_region_start = .
 *(SORT_BY_ALIGNMENT(.text))
 .text          0x0000000000000158      0x378 c:/ncs/toolchains/c57af46cb7/opt/zephyr-sdk/arm-zephyr-eabi/bin/../lib/gcc/arm-zephyr-eabi/12.2.0/thumb/v8-m.main/nofp\libgcc.a(_arm_addsubdf3.o)
                0x0000000000000158                __aeabi_drsub
                0x0000000000000160                __aeabi_dsub
                0x0000000000000160                __subdf3
                0x0000000000000164                __aeabi_dadd
                0x0000000000000164                __adddf3
                0x00000000000003dc                __floatunsidf
                0x00000000000003dc                __aeabi_ui2d
                0x00000000000003fc                __floatsidf
                0x00000000000003fc                __aeabi_i2d
                0x0000000000000420                __aeabi_f2d
                0x0000000000000420                __extendsfdf2
                0x0000000000000464                __floatundidf
                0x0000000000000464                __aeabi_ul2d
                0x0000000000000474                __floatdidf
                0x0000000000000474                __aeabi_l2d
 .text          0x00000000000004d0      0x424 c:/ncs/toolchains/c57af46cb7/opt/zephyr-sdk/arm-zephyr-eabi/bin/../lib/gcc/arm-zephyr-eabi/12.2.0/thumb/v8-m.main/nofp\libgcc.a(_arm_muldivdf3.o)
                0x00000000000004d0                __aeabi_dmul
                0x00000000000004d0                __muldf3
                0x0000000000000724                __divdf3
                0x0000000000000724                __aeabi_ddiv
 .text          0x00000000000008f4       0x40 c:/ncs/toolchains/c57af46cb7/opt/zephyr-sdk/arm-zephyr-eabi/bin/../lib/gcc/arm-zephyr-eabi/12.2.0/thumb/v8-m.main/nofp\libgcc.a(_arm_fixunsdfsi.o)
                0x00000000000008f4                __aeabi_d2uiz
                0x00000000000008f4                __fixunsdfsi
 .text          0x0000000000000934      0x21c c:/ncs/toolchains/c57af46cb7/opt/zephyr-sdk/arm-zephyr-eabi/bin/../lib/gcc/arm-zephyr-eabi/12.2.0/thumb/v8-m.main/nofp\libgcc.a(_arm_addsubsf3.o)
                0x0000000000000934                __aeabi_frsub
                0x000000000000093c                __subsf3
                0x000000000000093c                __aeabi_fsub
                0x0000000000000940                __aeabi_fadd
                0x0000000000000940                __addsf3
                0x0000000000000aa0                __aeabi_ui2f
                0x0000000000000aa0                __floatunsisf
                0x0000000000000aa8                __aeabi_i2f
                0x0000000000000aa8                __floatsisf
                0x0000000000000ac4                __aeabi_ul2f
                0x0000000000000ac4                __floatundisf
                0x0000000000000ad4                __aeabi_l2f
                0x0000000000000ad4                __floatdisf
 .text          0x0000000000000b50      0x2a0 c:/ncs/toolchains/c57af46cb7/opt/zephyr-sdk/arm-zephyr-eabi/bin/../lib/gcc/arm-zephyr-eabi/12.2.0/thumb/v8-m.main/nofp\libgcc.a(_arm_muldivsf3.o)
                0x0000000000000b50                __mulsf3
                0x0000000000000b50                __aeabi_fmul
                0x0000000000000cb8                __aeabi_fdiv
                0x0000000000000cb8                __divsf3
 .text          0x0000000000000df0       0x30 c:/ncs/toolchains/c57af46cb7/opt/zephyr-sdk/arm-zephyr-eabi/bin/../lib/gcc/arm-zephyr-eabi/12.2.0/thumb/v8-m.main/nofp\libgcc.a(_aeabi_uldivmod.o)
                0x0000000000000df0                __aeabi_uldivmod
 .text          0x0000000000000e20        0x4 c:/ncs/toolchains/c57af46cb7/opt/zephyr-sdk/arm-zephyr-eabi/bin/../lib/gcc/arm-zephyr-eabi/12.2.0/thumb/v8-m.main/nofp\libgcc.a(_dvmd_tls.o)
                0x0000000000000e20                __aeabi_idiv0
                0x0000000000000e20                __aeabi_ldiv0
 .text          0x0000000000000e24      0x29c c:/ncs/toolchains/c57af46cb7/opt/zephyr-sdk/arm-zephyr-eabi/bin/../lib/gcc/arm-zephyr-eabi/12.2.0/thumb/v8-m.main/nofp\libgcc.a(_udivmoddi4.o)
                0x0000000000000e24                __udivmoddi4
 .text          0x00000000000010c0       0x10 c:\ncs\toolchains\c57af46cb7\opt\zephyr-sdk\arm-zephyr-eabi\bin\../lib/gcc/../../picolibc/arm-zephyr-eabi/lib/thumb/v8-m.main/nofp\libc.a(strlen.S.o)
                0x00000000000010c0                strlen
 *(SORT_BY_ALIGNMENT(.text.*))
 .text.main     0x00000000000010d0      0x140 app/libapp.a(main.c.obj)
                0x00000000000010d0                main
 .text.get_deegrees
                0x0000000000001210       0x30 app/libapp.a(main.c.obj)
                0x0000000000001210                get_deegrees
 .text.cbvprintf_package
                0x0000000000001240      0x3a4 zephyr/libzephyr.a(cbprintf_packaged.c.obj)
                0x0000000000001240                cbvprintf_package
 .text.__printk_hook_install
                0x00000000000015e4        0xc zephyr/libzephyr.a(printk.c.obj)
                0x00000000000015e4                __printk_hook_install
 .text.z_thread_entry
                0x00000000000015f0       0x34 zephyr/libzephyr.a(thread_entry.c.obj)
                0x00000000000015f0                z_thread_entry
 .text.process_event
                0x0000000000001624      0x21c zephyr/libzephyr.a(onoff.c.obj)
 .text.sys_reboot
                0x0000000000001840       0x30 zephyr/libzephyr.a(reboot.c.obj)
                0x0000000000001840                sys_reboot
 .text.rtc_pretick_init
                0x0000000000001870       0x60 zephyr/libzephyr.a(soc.c.obj)
 .text.nrf_gpio_pin_control_select.constprop.0
                0x00000000000018d0       0x1c zephyr/libzephyr.a(soc.c.obj)
 .text.nordicsemi_nrf53_init
                0x00000000000018ec       0x38 zephyr/libzephyr.a(soc.c.obj)
 .text.z_arm_on_enter_cpu_idle
                0x0000000000001924       0x64 zephyr/libzephyr.a(soc.c.obj)
                0x0000000000001924                z_arm_on_enter_cpu_idle
 .text.arch_busy_wait
                0x0000000000001988       0x24 zephyr/libzephyr.a(soc.c.obj)
                0x0000000000001988                arch_busy_wait
 .text.z_log_msg_runtime_create.constprop.0
                0x00000000000019ac       0x24 zephyr/libzephyr.a(sync_rtc.c.obj)
 .text.rtc_cb   0x00000000000019d0       0x40 zephyr/libzephyr.a(sync_rtc.c.obj)
 .text.sync_rtc_setup
                0x0000000000001a10       0xc8 zephyr/libzephyr.a(sync_rtc.c.obj)
 .text.mbox_callback
                0x0000000000001ad8       0x80 zephyr/libzephyr.a(sync_rtc.c.obj)
 .text.z_arm_platform_init
                0x0000000000001b58        0x4 zephyr/libzephyr.a(soc_nrf_common.S.obj)
                0x0000000000001b58                z_arm_platform_init
 .text.z_log_init.isra.0
                0x0000000000001b5c       0xd0 zephyr/libzephyr.a(log_core.c.obj)
 .text.log_format_func_t_get
                0x0000000000001c2c        0xc zephyr/libzephyr.a(log_core.c.obj)
                0x0000000000001c2c                log_format_func_t_get
 .text.log_set_timestamp_func
                0x0000000000001c38       0x20 zephyr/libzephyr.a(log_core.c.obj)
                0x0000000000001c38                log_set_timestamp_func
 .text.log_core_init
                0x0000000000001c58       0x28 zephyr/libzephyr.a(log_core.c.obj)
                0x0000000000001c58                log_core_init
 .text.z_impl_log_panic
                0x0000000000001c80       0x3c zephyr/libzephyr.a(log_core.c.obj)
                0x0000000000001c80                z_impl_log_panic
 .text.z_log_dropped
                0x0000000000001cbc       0x28 zephyr/libzephyr.a(log_core.c.obj)
                0x0000000000001cbc                z_log_dropped
 .text.z_log_msg_commit
                0x0000000000001ce4       0x38 zephyr/libzephyr.a(log_core.c.obj)
                0x0000000000001ce4                z_log_msg_commit
 .text.log_source_name_get
                0x0000000000001d1c       0x1c zephyr/libzephyr.a(log_mgmt.c.obj)
                0x0000000000001d1c                log_source_name_get
 .text.log_backend_enable
                0x0000000000001d38       0x28 zephyr/libzephyr.a(log_mgmt.c.obj)
                0x0000000000001d38                log_backend_enable
 .text.z_impl_z_log_msg_runtime_vcreate
                0x0000000000001d60       0x8c zephyr/libzephyr.a(log_msg.c.obj)
                0x0000000000001d60                z_impl_z_log_msg_runtime_vcreate
 .text.print_formatted
                0x0000000000001dec       0x24 zephyr/libzephyr.a(log_output.c.obj)
 .text.newline_print
                0x0000000000001e10       0x1c zephyr/libzephyr.a(log_output.c.obj)
 .text.log_output_process
                0x0000000000001e2c      0x2a8 zephyr/libzephyr.a(log_output.c.obj)
                0x0000000000001e2c                log_output_process
 .text.log_output_msg_process
                0x00000000000020d4       0x70 zephyr/libzephyr.a(log_output.c.obj)
                0x00000000000020d4                log_output_msg_process
 .text.log_output_timestamp_freq_set
                0x0000000000002144       0x2c zephyr/libzephyr.a(log_output.c.obj)
                0x0000000000002144                log_output_timestamp_freq_set
 .text.format_set
                0x0000000000002170        0xc zephyr/libzephyr.a(log_backend_uart.c.obj)
 .text.panic    0x000000000000217c       0x14 zephyr/libzephyr.a(log_backend_uart.c.obj)
 .text.process  0x0000000000002190       0x24 zephyr/libzephyr.a(log_backend_uart.c.obj)
 .text.char_out
                0x00000000000021b4       0x24 zephyr/libzephyr.a(log_backend_uart.c.obj)
 .text.nrf_cc3xx_platform_abort_init
                0x00000000000021d8        0xc zephyr/libzephyr.a(nrf_cc3xx_platform_abort_zephyr.c.obj)
                0x00000000000021d8                nrf_cc3xx_platform_abort_init
 .text.mutex_free_platform
                0x00000000000021e4       0x54 zephyr/libzephyr.a(nrf_cc3xx_platform_mutex_zephyr.c.obj)
 .text.mutex_lock_platform
                0x0000000000002238       0x74 zephyr/libzephyr.a(nrf_cc3xx_platform_mutex_zephyr.c.obj)
 .text.mutex_unlock_platform
                0x00000000000022ac       0x68 zephyr/libzephyr.a(nrf_cc3xx_platform_mutex_zephyr.c.obj)
 .text.mutex_init_platform
                0x0000000000002314       0x94 zephyr/libzephyr.a(nrf_cc3xx_platform_mutex_zephyr.c.obj)
 .text.nrf_cc3xx_platform_mutex_init
                0x00000000000023a8       0x2c zephyr/libzephyr.a(nrf_cc3xx_platform_mutex_zephyr.c.obj)
                0x00000000000023a8                nrf_cc3xx_platform_mutex_init
 .text.z_arm_cpu_idle_init
                0x00000000000023d4        0xc zephyr/arch/arch/arm/core/aarch32/libarch__arm__core__aarch32.a(cpu_idle.S.obj)
                0x00000000000023d4                z_arm_cpu_idle_init
 .text.arch_cpu_idle
                0x00000000000023e0       0x28 zephyr/arch/arch/arm/core/aarch32/libarch__arm__core__aarch32.a(cpu_idle.S.obj)
                0x00000000000023e0                arch_cpu_idle
 .text.arch_cpu_atomic_idle
                0x0000000000002408       0x24 zephyr/arch/arch/arm/core/aarch32/libarch__arm__core__aarch32.a(cpu_idle.S.obj)
                0x0000000000002408                arch_cpu_atomic_idle
 .text.z_arm_fatal_error
                0x000000000000242c       0xa0 zephyr/arch/arch/arm/core/aarch32/libarch__arm__core__aarch32.a(fatal.c.obj)
                0x000000000000242c                z_arm_fatal_error
 .text.arch_irq_enable
                0x00000000000024cc       0x1c zephyr/arch/arch/arm/core/aarch32/libarch__arm__core__aarch32.a(irq_manage.c.obj)
                0x00000000000024cc                arch_irq_enable
 .text.arch_irq_disable
                0x00000000000024e8       0x28 zephyr/arch/arch/arm/core/aarch32/libarch__arm__core__aarch32.a(irq_manage.c.obj)
                0x00000000000024e8                arch_irq_disable
 .text.arch_irq_is_enabled
                0x0000000000002510       0x1c zephyr/arch/arch/arm/core/aarch32/libarch__arm__core__aarch32.a(irq_manage.c.obj)
                0x0000000000002510                arch_irq_is_enabled
 .text.z_arm_irq_priority_set
                0x000000000000252c       0x2c zephyr/arch/arch/arm/core/aarch32/libarch__arm__core__aarch32.a(irq_manage.c.obj)
                0x000000000000252c                z_arm_irq_priority_set
 .text.z_SysNmiOnReset
                0x0000000000002558        0x8 zephyr/arch/arch/arm/core/aarch32/libarch__arm__core__aarch32.a(nmi_on_reset.S.obj)
                0x0000000000002558                z_SysNmiOnReset
 .text.z_arm_prep_c
                0x0000000000002560       0x38 zephyr/arch/arch/arm/core/aarch32/libarch__arm__core__aarch32.a(prep_c.c.obj)
                0x0000000000002560                z_arm_prep_c
 .text.arch_swap
                0x0000000000002598       0x34 zephyr/arch/arch/arm/core/aarch32/libarch__arm__core__aarch32.a(swap.c.obj)
                0x0000000000002598                arch_swap
 .text.z_arm_pendsv
                0x00000000000025cc       0x68 zephyr/arch/arch/arm/core/aarch32/libarch__arm__core__aarch32.a(swap_helper.S.obj)
                0x00000000000025cc                z_arm_pendsv
 .text.z_arm_svc
                0x0000000000002634       0x20 zephyr/arch/arch/arm/core/aarch32/libarch__arm__core__aarch32.a(swap_helper.S.obj)
                0x0000000000002634                z_arm_svc
 .text.arch_new_thread
                0x0000000000002654       0x38 zephyr/arch/arch/arm/core/aarch32/libarch__arm__core__aarch32.a(thread.c.obj)
                0x0000000000002654                arch_new_thread
 .text.arch_switch_to_main_thread
                0x000000000000268c       0x34 zephyr/arch/arch/arm/core/aarch32/libarch__arm__core__aarch32.a(thread.c.obj)
                0x000000000000268c                arch_switch_to_main_thread
 .text._isr_wrapper
                0x00000000000026c0       0x28 zephyr/arch/arch/arm/core/aarch32/libarch__arm__core__aarch32.a(isr_wrapper.S.obj)
                0x00000000000026c0                _isr_wrapper
 .text.arch_tls_stack_setup
                0x00000000000026e8       0x5c zephyr/arch/arch/arm/core/aarch32/libarch__arm__core__aarch32.a(tls.c.obj)
                0x00000000000026e8                arch_tls_stack_setup
 .text._HandlerModeExit
                0x0000000000002744       0x1c zephyr/arch/arch/arm/core/aarch32/cortex_m/libarch__arm__core__aarch32__cortex_m.a(exc_exit.S.obj)
                0x0000000000002744                z_arm_int_exit
                0x0000000000002744                z_arm_exc_exit
 .text.mem_manage_fault.constprop.0
                0x0000000000002760      0x130 zephyr/arch/arch/arm/core/aarch32/cortex_m/libarch__arm__core__aarch32__cortex_m.a(fault.c.obj)
 .text.bus_fault.constprop.0
                0x0000000000002890      0x13c zephyr/arch/arch/arm/core/aarch32/cortex_m/libarch__arm__core__aarch32__cortex_m.a(fault.c.obj)
 .text.usage_fault.constprop.0
                0x00000000000029cc      0x128 zephyr/arch/arch/arm/core/aarch32/cortex_m/libarch__arm__core__aarch32__cortex_m.a(fault.c.obj)
 .text.z_arm_fault
                0x0000000000002af4      0x20c zephyr/arch/arch/arm/core/aarch32/cortex_m/libarch__arm__core__aarch32__cortex_m.a(fault.c.obj)
                0x0000000000002af4                z_arm_fault
 .text.z_arm_fault_init
                0x0000000000002d00       0x18 zephyr/arch/arch/arm/core/aarch32/cortex_m/libarch__arm__core__aarch32__cortex_m.a(fault.c.obj)
                0x0000000000002d00                z_arm_fault_init
 .text.__fault  0x0000000000002d18       0x14 zephyr/arch/arch/arm/core/aarch32/cortex_m/libarch__arm__core__aarch32__cortex_m.a(fault_s.S.obj)
                0x0000000000002d18                z_arm_usage_fault
                0x0000000000002d18                z_arm_mpu_fault
                0x0000000000002d18                z_arm_exc_spurious
                0x0000000000002d18                z_arm_debug_monitor
                0x0000000000002d18                z_arm_hard_fault
                0x0000000000002d18                z_arm_bus_fault
 .text.z_arm_interrupt_init
                0x0000000000002d2c       0x18 zephyr/arch/arch/arm/core/aarch32/cortex_m/libarch__arm__core__aarch32__cortex_m.a(irq_init.c.obj)
                0x0000000000002d2c                z_arm_interrupt_init
 .text._reset_section
                0x0000000000002d44       0x60 zephyr/arch/arch/arm/core/aarch32/cortex_m/libarch__arm__core__aarch32__cortex_m.a(reset.S.obj)
                0x0000000000002d44                __start
                0x0000000000002d44                z_arm_reset
 .text.sys_arch_reboot
                0x0000000000002da4       0x24 zephyr/arch/arch/arm/core/aarch32/cortex_m/libarch__arm__core__aarch32__cortex_m.a(scb.c.obj)
                0x0000000000002da4                sys_arch_reboot
 .text.z_arm_clear_arm_mpu_config
                0x0000000000002dc8       0x24 zephyr/arch/arch/arm/core/aarch32/cortex_m/libarch__arm__core__aarch32__cortex_m.a(scb.c.obj)
                0x0000000000002dc8                z_arm_clear_arm_mpu_config
 .text.z_arm_init_arch_hw_at_boot
                0x0000000000002dec       0x4c zephyr/arch/arch/arm/core/aarch32/cortex_m/libarch__arm__core__aarch32__cortex_m.a(scb.c.obj)
                0x0000000000002dec                z_arm_init_arch_hw_at_boot
 .text.z_impl_k_thread_abort
                0x0000000000002e38       0x2c zephyr/arch/arch/arm/core/aarch32/cortex_m/libarch__arm__core__aarch32__cortex_m.a(thread_abort.c.obj)
                0x0000000000002e38                z_impl_k_thread_abort
 .text.z_arm_configure_static_mpu_regions
                0x0000000000002e64       0x38 zephyr/arch/arch/arm/core/aarch32/mpu/libarch__arm__core__aarch32__mpu.a(arm_core_mpu.c.obj)
                0x0000000000002e64                z_arm_configure_static_mpu_regions
 .text.region_init
                0x0000000000002e9c       0x34 zephyr/arch/arch/arm/core/aarch32/mpu/libarch__arm__core__aarch32__mpu.a(arm_mpu.c.obj)
 .text.region_allocate_and_init
                0x0000000000002ed0       0x38 zephyr/arch/arch/arm/core/aarch32/mpu/libarch__arm__core__aarch32__mpu.a(arm_mpu.c.obj)
 .text.mpu_configure_regions_and_partition.constprop.0
                0x0000000000002f08      0x170 zephyr/arch/arch/arm/core/aarch32/mpu/libarch__arm__core__aarch32__mpu.a(arm_mpu.c.obj)
 .text.arm_core_mpu_enable
                0x0000000000003078       0x18 zephyr/arch/arch/arm/core/aarch32/mpu/libarch__arm__core__aarch32__mpu.a(arm_mpu.c.obj)
                0x0000000000003078                arm_core_mpu_enable
 .text.arm_core_mpu_disable
                0x0000000000003090       0x14 zephyr/arch/arch/arm/core/aarch32/mpu/libarch__arm__core__aarch32__mpu.a(arm_mpu.c.obj)
                0x0000000000003090                arm_core_mpu_disable
 .text.arm_core_mpu_configure_static_mpu_regions
                0x00000000000030a4       0x14 zephyr/arch/arch/arm/core/aarch32/mpu/libarch__arm__core__aarch32__mpu.a(arm_mpu.c.obj)
                0x00000000000030a4                arm_core_mpu_configure_static_mpu_regions
 .text.arm_core_mpu_mark_areas_for_dynamic_regions
                0x00000000000030b8       0xb8 zephyr/arch/arch/arm/core/aarch32/mpu/libarch__arm__core__aarch32__mpu.a(arm_mpu.c.obj)
                0x00000000000030b8                arm_core_mpu_mark_areas_for_dynamic_regions
 .text.z_arm_mpu_init
                0x0000000000003170       0x4c zephyr/arch/arch/arm/core/aarch32/mpu/libarch__arm__core__aarch32__mpu.a(arm_mpu.c.obj)
                0x0000000000003170                z_arm_mpu_init
 .text.z_impl_zephyr_fputc
                0x00000000000031bc       0x10 zephyr/lib/libc/picolibc/liblib__libc__picolibc.a(libc-hooks.c.obj)
                0x00000000000031bc                z_impl_zephyr_fputc
 .text.__stdout_hook_install
                0x00000000000031cc       0x18 zephyr/lib/libc/picolibc/liblib__libc__picolibc.a(libc-hooks.c.obj)
                0x00000000000031cc                __stdout_hook_install
 .text.cbvprintf
                0x00000000000031e4       0x38 zephyr/lib/libc/picolibc/liblib__libc__picolibc.a(libc-hooks.c.obj)
                0x00000000000031e4                cbvprintf
 .text.malloc_prepare
                0x000000000000321c       0x24 zephyr/lib/libc/common/liblib__libc__common.a(malloc.c.obj)
 .text.onoff_stop
                0x0000000000003240       0x30 zephyr/drivers/clock_control/libdrivers__clock_control.a(clock_control_nrf.c.obj)
 .text.onoff_start
                0x0000000000003270       0x44 zephyr/drivers/clock_control/libdrivers__clock_control.a(clock_control_nrf.c.obj)
 .text.clk_init
                0x00000000000032b4       0x64 zephyr/drivers/clock_control/libdrivers__clock_control.a(clock_control_nrf.c.obj)
 .text.clkstarted_handle.constprop.0
                0x0000000000003318       0x34 zephyr/drivers/clock_control/libdrivers__clock_control.a(clock_control_nrf.c.obj)
 .text.clock_event_handler
                0x000000000000334c       0x30 zephyr/drivers/clock_control/libdrivers__clock_control.a(clock_control_nrf.c.obj)
 .text.generic_hfclk_start
                0x000000000000337c       0x64 zephyr/drivers/clock_control/libdrivers__clock_control.a(clock_control_nrf.c.obj)
 .text.api_blocking_start
                0x00000000000033e0       0x34 zephyr/drivers/clock_control/libdrivers__clock_control.a(clock_control_nrf.c.obj)
 .text.generic_hfclk_stop
                0x0000000000003414       0x34 zephyr/drivers/clock_control/libdrivers__clock_control.a(clock_control_nrf.c.obj)
 .text.z_nrf_clock_control_lf_on
                0x0000000000003448       0xfc zephyr/drivers/clock_control/libdrivers__clock_control.a(clock_control_nrf.c.obj)
                0x0000000000003448                z_nrf_clock_control_lf_on
 .text.uart_console_init
                0x0000000000003544       0x28 zephyr/drivers/console/libdrivers__console.a(uart_console.c.obj)
 .text.console_out
                0x000000000000356c       0x28 zephyr/drivers/console/libdrivers__console.a(uart_console.c.obj)
 .text.gpio_nrfx_pin_interrupt_configure
                0x0000000000003594       0xe4 zephyr/drivers/gpio/libdrivers__gpio.a(gpio_nrfx.c.obj)
 .text.gpio_nrfx_init
                0x0000000000003678       0x38 zephyr/drivers/gpio/libdrivers__gpio.a(gpio_nrfx.c.obj)
 .text.nrfx_gpio_handler
                0x00000000000036b0       0x4c zephyr/drivers/gpio/libdrivers__gpio.a(gpio_nrfx.c.obj)
 .text.gpio_nrfx_pin_configure
                0x00000000000036fc      0x124 zephyr/drivers/gpio/libdrivers__gpio.a(gpio_nrfx.c.obj)
 .text.mbox_nrf_init
                0x0000000000003820       0xb0 zephyr/drivers/mbox/libdrivers__mbox.a(mbox_nrfx_ipc.c.obj)
 .text.mbox_nrf_send
                0x00000000000038d0       0x50 zephyr/drivers/mbox/libdrivers__mbox.a(mbox_nrfx_ipc.c.obj)
 .text.mbox_dispatcher
                0x0000000000003920       0x78 zephyr/drivers/mbox/libdrivers__mbox.a(mbox_nrfx_ipc.c.obj)
 .text.mbox_nrf_set_enabled
                0x0000000000003998       0xa0 zephyr/drivers/mbox/libdrivers__mbox.a(mbox_nrfx_ipc.c.obj)
 .text.nrf_gpio_pin_port_decode
                0x0000000000003a38       0x24 zephyr/drivers/pinctrl/libdrivers__pinctrl.a(pinctrl_nrf.c.obj)
 .text.pinctrl_configure_pins
                0x0000000000003a5c      0x164 zephyr/drivers/pinctrl/libdrivers__pinctrl.a(pinctrl_nrf.c.obj)
                0x0000000000003a5c                pinctrl_configure_pins
 .text.nrf_gpio_pin_port_decode
                0x0000000000003bc0       0x24 zephyr/drivers/pwm/libdrivers__pwm.a(pwm_nrf_sw.c.obj)
 .text.pwm_nrf_sw_get_cycles_per_sec
                0x0000000000003be4       0x14 zephyr/drivers/pwm/libdrivers__pwm.a(pwm_nrf_sw.c.obj)
 .text.pwm_nrf_sw_set_cycles
                0x0000000000003bf8      0x1e8 zephyr/drivers/pwm/libdrivers__pwm.a(pwm_nrf_sw.c.obj)
 .text.pwm_nrf_sw_init
                0x0000000000003de0      0x100 zephyr/drivers/pwm/libdrivers__pwm.a(pwm_nrf_sw.c.obj)
 .text.z_log_msg_runtime_create.constprop.0
                0x0000000000003ee0       0x24 zephyr/drivers/serial/libdrivers__serial.a(uart_nrfx_uarte.c.obj)
 .text.uarte_nrfx_configure
                0x0000000000003f04      0x17c zephyr/drivers/serial/libdrivers__serial.a(uart_nrfx_uarte.c.obj)
 .text.uarte_0_init
                0x0000000000004080      0x104 zephyr/drivers/serial/libdrivers__serial.a(uart_nrfx_uarte.c.obj)
 .text.uarte_nrfx_poll_out
                0x0000000000004184       0xcc zephyr/drivers/serial/libdrivers__serial.a(uart_nrfx_uarte.c.obj)
 .text.compare_int_lock
                0x0000000000004250       0x40 zephyr/drivers/timer/libdrivers__timer.a(nrf_rtc_timer.c.obj)
 .text.sys_clock_timeout_handler
                0x0000000000004290       0x48 zephyr/drivers/timer/libdrivers__timer.a(nrf_rtc_timer.c.obj)
 .text.compare_int_unlock
                0x00000000000042d8       0x4c zephyr/drivers/timer/libdrivers__timer.a(nrf_rtc_timer.c.obj)
 .text.z_nrf_rtc_timer_compare_evt_address_get
                0x0000000000004324       0x10 zephyr/drivers/timer/libdrivers__timer.a(nrf_rtc_timer.c.obj)
                0x0000000000004324                z_nrf_rtc_timer_compare_evt_address_get
 .text.z_nrf_rtc_timer_compare_read
                0x0000000000004334       0x10 zephyr/drivers/timer/libdrivers__timer.a(nrf_rtc_timer.c.obj)
                0x0000000000004334                z_nrf_rtc_timer_compare_read
 .text.z_nrf_rtc_timer_read
                0x0000000000004344       0x44 zephyr/drivers/timer/libdrivers__timer.a(nrf_rtc_timer.c.obj)
                0x0000000000004344                z_nrf_rtc_timer_read
 .text.compare_set
                0x0000000000004388      0x124 zephyr/drivers/timer/libdrivers__timer.a(nrf_rtc_timer.c.obj)
 .text.sys_clock_driver_init
                0x00000000000044ac       0xa4 zephyr/drivers/timer/libdrivers__timer.a(nrf_rtc_timer.c.obj)
 .text.rtc_nrf_isr
                0x0000000000004550      0x100 zephyr/drivers/timer/libdrivers__timer.a(nrf_rtc_timer.c.obj)
                0x0000000000004550                rtc_nrf_isr
 .text.z_nrf_rtc_timer_chan_alloc
                0x0000000000004650       0x3c zephyr/drivers/timer/libdrivers__timer.a(nrf_rtc_timer.c.obj)
                0x0000000000004650                z_nrf_rtc_timer_chan_alloc
 .text.z_nrf_rtc_timer_chan_free
                0x000000000000468c       0x1c zephyr/drivers/timer/libdrivers__timer.a(nrf_rtc_timer.c.obj)
                0x000000000000468c                z_nrf_rtc_timer_chan_free
 .text.sys_clock_set_timeout
                0x00000000000046a8       0x64 zephyr/drivers/timer/libdrivers__timer.a(nrf_rtc_timer.c.obj)
                0x00000000000046a8                sys_clock_set_timeout
 .text.sys_clock_elapsed
                0x000000000000470c       0x14 zephyr/drivers/timer/libdrivers__timer.a(nrf_rtc_timer.c.obj)
                0x000000000000470c                sys_clock_elapsed
 .text.sys_clock_disable
                0x0000000000004720       0x30 zephyr/drivers/timer/libdrivers__timer.a(nrf_rtc_timer.c.obj)
                0x0000000000004720                sys_clock_disable
 .text.z_log_msg_runtime_create.constprop.0
                0x0000000000004750       0x24 modules/nrf/lib/fatal_error/lib..__nrf__lib__fatal_error.a(fatal_error.c.obj)
 .text.k_sys_fatal_error_handler
                0x0000000000004774       0x2c modules/nrf/lib/fatal_error/lib..__nrf__lib__fatal_error.a(fatal_error.c.obj)
                0x0000000000004774                k_sys_fatal_error_handler
 .text.nrf53_errata_42
                0x00000000000047a0       0x24 modules/hal_nordic/nrfx/libmodules__hal_nordic__nrfx.a(system_nrf5340_application.c.obj)
 .text.SystemInit
                0x00000000000047c4      0x1c4 modules/hal_nordic/nrfx/libmodules__hal_nordic__nrfx.a(system_nrf5340_application.c.obj)
                0x00000000000047c4                SystemInit
 .text.nrfx_flag32_alloc
                0x0000000000004988       0x40 modules/hal_nordic/nrfx/libmodules__hal_nordic__nrfx.a(nrfx_flag32_allocator.c.obj)
                0x0000000000004988                nrfx_flag32_alloc
 .text.nrfx_flag32_free
                0x00000000000049c8       0x38 modules/hal_nordic/nrfx/libmodules__hal_nordic__nrfx.a(nrfx_flag32_allocator.c.obj)
                0x00000000000049c8                nrfx_flag32_free
 .text.nrfx_gppi_channels_enable
                0x0000000000004a00        0xc modules/hal_nordic/nrfx/libmodules__hal_nordic__nrfx.a(nrfx_gppi_dppi.c.obj)
                0x0000000000004a00                nrfx_gppi_channels_enable
 .text.nrfx_gppi_channels_disable
                0x0000000000004a0c        0xc modules/hal_nordic/nrfx/libmodules__hal_nordic__nrfx.a(nrfx_gppi_dppi.c.obj)
                0x0000000000004a0c                nrfx_gppi_channels_disable
 .text.nrfx_clock_init
                0x0000000000004a18       0x20 modules/hal_nordic/nrfx/libmodules__hal_nordic__nrfx.a(nrfx_clock.c.obj)
                0x0000000000004a18                nrfx_clock_init
 .text.nrfx_power_clock_irq_handler
                0x0000000000004a38       0xb0 modules/hal_nordic/nrfx/libmodules__hal_nordic__nrfx.a(nrfx_clock.c.obj)
                0x0000000000004a38                nrfx_power_clock_irq_handler
 .text.nrfx_dppi_channel_alloc
                0x0000000000004ae8        0xc modules/hal_nordic/nrfx/libmodules__hal_nordic__nrfx.a(nrfx_dppi.c.obj)
                0x0000000000004ae8                nrfx_dppi_channel_alloc
 .text.nrfx_dppi_channel_free
                0x0000000000004af4       0x1c modules/hal_nordic/nrfx/libmodules__hal_nordic__nrfx.a(nrfx_dppi.c.obj)
                0x0000000000004af4                nrfx_dppi_channel_free
 .text.nrf_gpio_pin_port_decode
                0x0000000000004b10       0x24 modules/hal_nordic/nrfx/libmodules__hal_nordic__nrfx.a(nrfx_gpiote.c.obj)
 .text.get_pin_idx
                0x0000000000004b34       0x14 modules/hal_nordic/nrfx/libmodules__hal_nordic__nrfx.a(nrfx_gpiote.c.obj)
 .text.pin_in_use_by_te
                0x0000000000004b48       0x18 modules/hal_nordic/nrfx/libmodules__hal_nordic__nrfx.a(nrfx_gpiote.c.obj)
 .text.pin_is_output
                0x0000000000004b60       0x18 modules/hal_nordic/nrfx/libmodules__hal_nordic__nrfx.a(nrfx_gpiote.c.obj)
 .text.pin_te_get
                0x0000000000004b78       0x18 modules/hal_nordic/nrfx/libmodules__hal_nordic__nrfx.a(nrfx_gpiote.c.obj)
 .text.call_handler
                0x0000000000004b90       0x40 modules/hal_nordic/nrfx/libmodules__hal_nordic__nrfx.a(nrfx_gpiote.c.obj)
 .text.release_handler
                0x0000000000004bd0       0x58 modules/hal_nordic/nrfx/libmodules__hal_nordic__nrfx.a(nrfx_gpiote.c.obj)
 .text.__nrfy_internal_gpiote_events_process.constprop.0
                0x0000000000004c28       0x54 modules/hal_nordic/nrfx/libmodules__hal_nordic__nrfx.a(nrfx_gpiote.c.obj)
 .text.nrfx_gpiote_input_configure
                0x0000000000004c7c      0x170 modules/hal_nordic/nrfx/libmodules__hal_nordic__nrfx.a(nrfx_gpiote.c.obj)
                0x0000000000004c7c                nrfx_gpiote_input_configure
 .text.nrfx_gpiote_output_configure
                0x0000000000004dec       0xfc modules/hal_nordic/nrfx/libmodules__hal_nordic__nrfx.a(nrfx_gpiote.c.obj)
                0x0000000000004dec                nrfx_gpiote_output_configure
 .text.nrfx_gpiote_global_callback_set
                0x0000000000004ee8        0xc modules/hal_nordic/nrfx/libmodules__hal_nordic__nrfx.a(nrfx_gpiote.c.obj)
                0x0000000000004ee8                nrfx_gpiote_global_callback_set
 .text.nrfx_gpiote_channel_get
                0x0000000000004ef4       0x30 modules/hal_nordic/nrfx/libmodules__hal_nordic__nrfx.a(nrfx_gpiote.c.obj)
                0x0000000000004ef4                nrfx_gpiote_channel_get
 .text.nrfx_gpiote_init
                0x0000000000004f24       0x50 modules/hal_nordic/nrfx/libmodules__hal_nordic__nrfx.a(nrfx_gpiote.c.obj)
                0x0000000000004f24                nrfx_gpiote_init
 .text.nrfx_gpiote_is_init
                0x0000000000004f74       0x14 modules/hal_nordic/nrfx/libmodules__hal_nordic__nrfx.a(nrfx_gpiote.c.obj)
                0x0000000000004f74                nrfx_gpiote_is_init
 .text.nrfx_gpiote_channel_free
                0x0000000000004f88        0xc modules/hal_nordic/nrfx/libmodules__hal_nordic__nrfx.a(nrfx_gpiote.c.obj)
                0x0000000000004f88                nrfx_gpiote_channel_free
 .text.nrfx_gpiote_channel_alloc
                0x0000000000004f94        0xc modules/hal_nordic/nrfx/libmodules__hal_nordic__nrfx.a(nrfx_gpiote.c.obj)
                0x0000000000004f94                nrfx_gpiote_channel_alloc
 .text.nrfx_gpiote_trigger_enable
                0x0000000000004fa0       0x98 modules/hal_nordic/nrfx/libmodules__hal_nordic__nrfx.a(nrfx_gpiote.c.obj)
                0x0000000000004fa0                nrfx_gpiote_trigger_enable
 .text.nrfx_gpiote_trigger_disable
                0x0000000000005038       0x4c modules/hal_nordic/nrfx/libmodules__hal_nordic__nrfx.a(nrfx_gpiote.c.obj)
                0x0000000000005038                nrfx_gpiote_trigger_disable
 .text.nrfx_gpiote_pin_uninit
                0x0000000000005084       0x84 modules/hal_nordic/nrfx/libmodules__hal_nordic__nrfx.a(nrfx_gpiote.c.obj)
                0x0000000000005084                nrfx_gpiote_pin_uninit
 .text.nrfx_gpiote_irq_handler
                0x0000000000005108      0x19c modules/hal_nordic/nrfx/libmodules__hal_nordic__nrfx.a(nrfx_gpiote.c.obj)
                0x0000000000005108                nrfx_gpiote_irq_handler
 .text.nrfx_ipc_init
                0x00000000000052a4       0x30 modules/hal_nordic/nrfx/libmodules__hal_nordic__nrfx.a(nrfx_ipc.c.obj)
                0x00000000000052a4                nrfx_ipc_init
 .text.nrfx_ipc_config_load
                0x00000000000052d4       0x40 modules/hal_nordic/nrfx/libmodules__hal_nordic__nrfx.a(nrfx_ipc.c.obj)
                0x00000000000052d4                nrfx_ipc_config_load
 .text.nrfx_ipc_receive_event_enable
                0x0000000000005314       0x10 modules/hal_nordic/nrfx/libmodules__hal_nordic__nrfx.a(nrfx_ipc.c.obj)
                0x0000000000005314                nrfx_ipc_receive_event_enable
 .text.nrfx_ipc_receive_event_disable
                0x0000000000005324       0x10 modules/hal_nordic/nrfx/libmodules__hal_nordic__nrfx.a(nrfx_ipc.c.obj)
                0x0000000000005324                nrfx_ipc_receive_event_disable
 .text.nrfx_ipc_irq_handler
                0x0000000000005334       0x40 modules/hal_nordic/nrfx/libmodules__hal_nordic__nrfx.a(nrfx_ipc.c.obj)
                0x0000000000005334                nrfx_ipc_irq_handler
 .text.z_fatal_error
                0x0000000000005374       0xcc zephyr/kernel/libkernel.a(fatal.c.obj)
                0x0000000000005374                z_fatal_error
 .text.z_sys_init_run_level
                0x0000000000005440       0x48 zephyr/kernel/libkernel.a(init.c.obj)
 .text.bg_thread_main
                0x0000000000005488       0x34 zephyr/kernel/libkernel.a(init.c.obj)
 .text.z_bss_zero
                0x00000000000054bc       0x18 zephyr/kernel/libkernel.a(init.c.obj)
                0x00000000000054bc                z_bss_zero
 .text.z_init_cpu
                0x00000000000054d4       0x7c zephyr/kernel/libkernel.a(init.c.obj)
                0x00000000000054d4                z_init_cpu
 .text.z_cstart
                0x0000000000005550       0xe0 zephyr/kernel/libkernel.a(init.c.obj)
                0x0000000000005550                z_cstart
 .text.init_mem_slab_module
                0x0000000000005630       0x24 zephyr/kernel/libkernel.a(mem_slab.c.obj)
 .text.k_mem_slab_alloc
                0x0000000000005654       0x5c zephyr/kernel/libkernel.a(mem_slab.c.obj)
                0x0000000000005654                k_mem_slab_alloc
 .text.z_setup_new_thread
                0x00000000000056b0       0x7c zephyr/kernel/libkernel.a(thread.c.obj)
                0x00000000000056b0                z_setup_new_thread
 .text.z_init_static_threads
                0x000000000000572c       0xb8 zephyr/kernel/libkernel.a(thread.c.obj)
                0x000000000000572c                z_init_static_threads
 .text.z_impl_k_mutex_lock
                0x00000000000057e4       0xf4 zephyr/kernel/libkernel.a(mutex.c.obj)
                0x00000000000057e4                z_impl_k_mutex_lock
 .text.z_impl_k_mutex_unlock
                0x00000000000058d8       0x78 zephyr/kernel/libkernel.a(mutex.c.obj)
                0x00000000000058d8                z_impl_k_mutex_unlock
 .text.z_impl_k_sem_give
                0x0000000000005950       0x48 zephyr/kernel/libkernel.a(sem.c.obj)
                0x0000000000005950                z_impl_k_sem_give
 .text.z_impl_k_sem_take
                0x0000000000005998       0x50 zephyr/kernel/libkernel.a(sem.c.obj)
                0x0000000000005998                z_impl_k_sem_take
 .text.sliceable
                0x00000000000059e8       0x3c zephyr/kernel/libkernel.a(sched.c.obj)
 .text.slice_timeout
                0x0000000000005a24       0x20 zephyr/kernel/libkernel.a(sched.c.obj)
 .text.z_reset_time_slice
                0x0000000000005a44       0x50 zephyr/kernel/libkernel.a(sched.c.obj)
                0x0000000000005a44                z_reset_time_slice
 .text.update_cache
                0x0000000000005a94       0x3c zephyr/kernel/libkernel.a(sched.c.obj)
 .text.move_thread_to_end_of_prio_q
                0x0000000000005ad0       0x74 zephyr/kernel/libkernel.a(sched.c.obj)
 .text.ready_thread
                0x0000000000005b44       0x68 zephyr/kernel/libkernel.a(sched.c.obj)
 .text.unready_thread
                0x0000000000005bac       0x30 zephyr/kernel/libkernel.a(sched.c.obj)
 .text.pend_locked
                0x0000000000005bdc       0x30 zephyr/kernel/libkernel.a(sched.c.obj)
 .text.z_time_slice
                0x0000000000005c0c       0x60 zephyr/kernel/libkernel.a(sched.c.obj)
                0x0000000000005c0c                z_time_slice
 .text.z_pend_curr
                0x0000000000005c6c       0x3c zephyr/kernel/libkernel.a(sched.c.obj)
                0x0000000000005c6c                z_pend_curr
 .text.z_set_prio
                0x0000000000005ca8       0x8c zephyr/kernel/libkernel.a(sched.c.obj)
                0x0000000000005ca8                z_set_prio
 .text.z_reschedule
                0x0000000000005d34       0x24 zephyr/kernel/libkernel.a(sched.c.obj)
                0x0000000000005d34                z_reschedule
 .text.z_sched_start
                0x0000000000005d58       0x3c zephyr/kernel/libkernel.a(sched.c.obj)
                0x0000000000005d58                z_sched_start
 .text.z_impl_k_thread_suspend
                0x0000000000005d94       0x64 zephyr/kernel/libkernel.a(sched.c.obj)
                0x0000000000005d94                z_impl_k_thread_suspend
 .text.k_sched_lock
                0x0000000000005df8       0x28 zephyr/kernel/libkernel.a(sched.c.obj)
                0x0000000000005df8                k_sched_lock
 .text.k_sched_unlock
                0x0000000000005e20       0x38 zephyr/kernel/libkernel.a(sched.c.obj)
                0x0000000000005e20                k_sched_unlock
 .text.z_sched_init
                0x0000000000005e58       0x10 zephyr/kernel/libkernel.a(sched.c.obj)
                0x0000000000005e58                z_sched_init
 .text.z_impl_k_yield
                0x0000000000005e68       0x7c zephyr/kernel/libkernel.a(sched.c.obj)
                0x0000000000005e68                z_impl_k_yield
 .text.z_tick_sleep
                0x0000000000005ee4       0x88 zephyr/kernel/libkernel.a(sched.c.obj)
 .text.z_impl_k_sleep
                0x0000000000005f6c       0x34 zephyr/kernel/libkernel.a(sched.c.obj)
                0x0000000000005f6c                z_impl_k_sleep
 .text.z_impl_z_current_get
                0x0000000000005fa0        0xc zephyr/kernel/libkernel.a(sched.c.obj)
                0x0000000000005fa0                z_impl_z_current_get
 .text.z_thread_abort
                0x0000000000005fac       0xc0 zephyr/kernel/libkernel.a(sched.c.obj)
                0x0000000000005fac                z_thread_abort
 .text.z_data_copy
                0x000000000000606c       0x34 zephyr/kernel/libkernel.a(xip.c.obj)
                0x000000000000606c                z_data_copy
 .text.elapsed  0x00000000000060a0       0x14 zephyr/kernel/libkernel.a(timeout.c.obj)
 .text.next_timeout
                0x00000000000060b4       0x40 zephyr/kernel/libkernel.a(timeout.c.obj)
 .text.remove_timeout
                0x00000000000060f4       0x38 zephyr/kernel/libkernel.a(timeout.c.obj)
 .text.z_add_timeout
                0x000000000000612c       0xec zephyr/kernel/libkernel.a(timeout.c.obj)
                0x000000000000612c                z_add_timeout
 .text.sys_clock_announce
                0x0000000000006218       0xd4 zephyr/kernel/libkernel.a(timeout.c.obj)
                0x0000000000006218                sys_clock_announce
 .text.sys_clock_tick_get
                0x00000000000062ec       0x34 zephyr/kernel/libkernel.a(timeout.c.obj)
                0x00000000000062ec                sys_clock_tick_get
 .text.boot_banner
                0x0000000000006320        0xc zephyr/kernel/libkernel.a(banner.c.obj)
                0x0000000000006320                boot_banner
 .text.nrf_cc3xx_platform_init_no_rng
                0x000000000000632c       0x38 C:/ncs/v2.5.0/nrfxlib/crypto/nrf_cc312_platform/lib/cortex-m33/soft-float/no-interrupts/libnrf_cc312_platform_0.9.18.a(nrf_cc3xx_platform.c.obj)
                0x000000000000632c                nrf_cc3xx_platform_init_no_rng
 .text.nrf_cc3xx_platform_abort
                0x0000000000006364       0x24 C:/ncs/v2.5.0/nrfxlib/crypto/nrf_cc312_platform/lib/cortex-m33/soft-float/no-interrupts/libnrf_cc312_platform_0.9.18.a(nrf_cc3xx_platform_abort.c.obj)
 .text.CC_PalAbort
                0x0000000000006388       0x44 C:/ncs/v2.5.0/nrfxlib/crypto/nrf_cc312_platform/lib/cortex-m33/soft-float/no-interrupts/libnrf_cc312_platform_0.9.18.a(nrf_cc3xx_platform_abort.c.obj)
                0x0000000000006388                CC_PalAbort
 .text.nrf_cc3xx_platform_set_abort
                0x00000000000063cc       0x10 C:/ncs/v2.5.0/nrfxlib/crypto/nrf_cc312_platform/lib/cortex-m33/soft-float/no-interrupts/libnrf_cc312_platform_0.9.18.a(nrf_cc3xx_platform_abort.c.obj)
                0x00000000000063cc                nrf_cc3xx_platform_set_abort
 .text.mutex_free
                0x00000000000063dc       0x34 C:/ncs/v2.5.0/nrfxlib/crypto/nrf_cc312_platform/lib/cortex-m33/soft-float/no-interrupts/libnrf_cc312_platform_0.9.18.a(nrf_cc3xx_platform_mutex.c.obj)
 .text.mutex_lock
                0x0000000000006410       0x48 C:/ncs/v2.5.0/nrfxlib/crypto/nrf_cc312_platform/lib/cortex-m33/soft-float/no-interrupts/libnrf_cc312_platform_0.9.18.a(nrf_cc3xx_platform_mutex.c.obj)
 .text.mutex_unlock
                0x0000000000006458       0x38 C:/ncs/v2.5.0/nrfxlib/crypto/nrf_cc312_platform/lib/cortex-m33/soft-float/no-interrupts/libnrf_cc312_platform_0.9.18.a(nrf_cc3xx_platform_mutex.c.obj)
 .text.mutex_init
                0x0000000000006490       0x20 C:/ncs/v2.5.0/nrfxlib/crypto/nrf_cc312_platform/lib/cortex-m33/soft-float/no-interrupts/libnrf_cc312_platform_0.9.18.a(nrf_cc3xx_platform_mutex.c.obj)
 .text.nrf_cc3xx_platform_set_mutexes
                0x00000000000064b0       0x78 C:/ncs/v2.5.0/nrfxlib/crypto/nrf_cc312_platform/lib/cortex-m33/soft-float/no-interrupts/libnrf_cc312_platform_0.9.18.a(nrf_cc3xx_platform_mutex.c.obj)
                0x00000000000064b0                nrf_cc3xx_platform_set_mutexes
 .text.CC_LibInitNoRng
                0x0000000000006528       0x28 C:/ncs/v2.5.0/nrfxlib/crypto/nrf_cc312_platform/lib/cortex-m33/soft-float/no-interrupts/libnrf_cc312_platform_0.9.18.a(cc_lib.c.obj)
                0x0000000000006528                CC_LibInitNoRng
 .text.CC_HalInit
                0x0000000000006550        0x4 C:/ncs/v2.5.0/nrfxlib/crypto/nrf_cc312_platform/lib/cortex-m33/soft-float/no-interrupts/libnrf_cc312_platform_0.9.18.a(cc_hal.c.obj)
                0x0000000000006550                CC_HalInit
 .text.CC_PalInit
                0x0000000000006554       0x5c C:/ncs/v2.5.0/nrfxlib/crypto/nrf_cc312_platform/lib/cortex-m33/soft-float/no-interrupts/libnrf_cc312_platform_0.9.18.a(cc_pal.c.obj)
                0x0000000000006554                CC_PalInit
 .text.CC_PalTerminate
                0x00000000000065b0       0x34 C:/ncs/v2.5.0/nrfxlib/crypto/nrf_cc312_platform/lib/cortex-m33/soft-float/no-interrupts/libnrf_cc312_platform_0.9.18.a(cc_pal.c.obj)
                0x00000000000065b0                CC_PalTerminate
 .text.CC_PalDmaInit
                0x00000000000065e4        0x4 C:/ncs/v2.5.0/nrfxlib/crypto/nrf_cc312_platform/lib/cortex-m33/soft-float/no-interrupts/libnrf_cc312_platform_0.9.18.a(cc_pal_dma.c.obj)
                0x00000000000065e4                CC_PalDmaInit
 .text.CC_PalDmaTerminate
                0x00000000000065e8        0x4 C:/ncs/v2.5.0/nrfxlib/crypto/nrf_cc312_platform/lib/cortex-m33/soft-float/no-interrupts/libnrf_cc312_platform_0.9.18.a(cc_pal_dma.c.obj)
                0x00000000000065e8                CC_PalDmaTerminate
 .text.CC_PalMutexCreate
                0x00000000000065ec       0x14 C:/ncs/v2.5.0/nrfxlib/crypto/nrf_cc312_platform/lib/cortex-m33/soft-float/no-interrupts/libnrf_cc312_platform_0.9.18.a(cc_pal_mutex.c.obj)
                0x00000000000065ec                CC_PalMutexCreate
 .text.CC_PalMutexDestroy
                0x0000000000006600       0x14 C:/ncs/v2.5.0/nrfxlib/crypto/nrf_cc312_platform/lib/cortex-m33/soft-float/no-interrupts/libnrf_cc312_platform_0.9.18.a(cc_pal_mutex.c.obj)
                0x0000000000006600                CC_PalMutexDestroy
 .text.CC_PalPowerSaveModeInit
                0x0000000000006614       0x3c C:/ncs/v2.5.0/nrfxlib/crypto/nrf_cc312_platform/lib/cortex-m33/soft-float/no-interrupts/libnrf_cc312_platform_0.9.18.a(cc_pal_pm.c.obj)
                0x0000000000006614                CC_PalPowerSaveModeInit
 .text.__i_vfprintf
                0x0000000000006650      0x48c c:\ncs\toolchains\c57af46cb7\opt\zephyr-sdk\arm-zephyr-eabi\bin\../lib/gcc/../../picolibc/arm-zephyr-eabi/lib/thumb/v8-m.main/nofp\libc.a(libc_tinystdio_vfiprintf.c.o)
                0x0000000000006650                __i_vfprintf
 .text.PWM_control
                0x0000000000006adc       0x30 app/libapp.a(main.c.obj)
                0x0000000000006adc                PWM_control
 .text.cbpprintf_external
                0x0000000000006b0c       0x62 zephyr/libzephyr.a(cbprintf_packaged.c.obj)
                0x0000000000006b0c                cbpprintf_external
 .text.arch_printk_char_out
                0x0000000000006b6e        0x4 zephyr/libzephyr.a(printk.c.obj)
                0x0000000000006b6e                arch_printk_char_out
 .text.printk   0x0000000000006b72       0x1a zephyr/libzephyr.a(printk.c.obj)
                0x0000000000006b72                printk
 .text.chunk_field
                0x0000000000006b8c       0x16 zephyr/libzephyr.a(heap.c.obj)
 .text.chunk_set
                0x0000000000006ba2       0x16 zephyr/libzephyr.a(heap.c.obj)
 .text.chunk_size
                0x0000000000006bb8        0xc zephyr/libzephyr.a(heap.c.obj)
 .text.set_chunk_used
                0x0000000000006bc4       0x30 zephyr/libzephyr.a(heap.c.obj)
 .text.set_chunk_size
                0x0000000000006bf4        0x8 zephyr/libzephyr.a(heap.c.obj)
 .text.bucket_idx.isra.0
                0x0000000000006bfc       0x1c zephyr/libzephyr.a(heap.c.obj)
 .text.free_list_add
                0x0000000000006c18       0x84 zephyr/libzephyr.a(heap.c.obj)
 .text.sys_heap_init
                0x0000000000006c9c       0xb0 zephyr/libzephyr.a(heap.c.obj)
                0x0000000000006c9c                sys_heap_init
 .text.process_recheck
                0x0000000000006d4c       0x38 zephyr/libzephyr.a(onoff.c.obj)
 .text.validate_args
                0x0000000000006d84       0x20 zephyr/libzephyr.a(onoff.c.obj)
 .text.notify_one
                0x0000000000006da4       0x2c zephyr/libzephyr.a(onoff.c.obj)
 .text.transition_complete
                0x0000000000006dd0       0x1c zephyr/libzephyr.a(onoff.c.obj)
 .text.onoff_manager_init
                0x0000000000006dec       0x26 zephyr/libzephyr.a(onoff.c.obj)
                0x0000000000006dec                onoff_manager_init
 .text.onoff_request
                0x0000000000006e12       0xb0 zephyr/libzephyr.a(onoff.c.obj)
                0x0000000000006e12                onoff_request
 .text.sys_notify_validate
                0x0000000000006ec2       0x22 zephyr/libzephyr.a(notify.c.obj)
                0x0000000000006ec2                sys_notify_validate
 .text.sys_notify_finalize
                0x0000000000006ee4       0x1a zephyr/libzephyr.a(notify.c.obj)
                0x0000000000006ee4                sys_notify_finalize
 .text._ConfigAbsSyms
                0x0000000000006efe        0x2 zephyr/libzephyr.a(configs.c.obj)
                0x0000000000006efe                _ConfigAbsSyms
 .text.dummy_timestamp
                0x0000000000006f00        0x4 zephyr/libzephyr.a(log_core.c.obj)
 .text.default_get_timestamp
                0x0000000000006f04        0x4 zephyr/libzephyr.a(log_core.c.obj)
 .text.atomic_inc
                0x0000000000006f08       0x12 zephyr/libzephyr.a(log_core.c.obj)
 .text.enable_logger
                0x0000000000006f1a        0xe zephyr/libzephyr.a(log_core.c.obj)
 .text.z_log_vprintk
                0x0000000000006f28       0x1c zephyr/libzephyr.a(log_core.c.obj)
                0x0000000000006f28                z_log_vprintk
 .text.z_log_notify_backend_enabled
                0x0000000000006f44        0x2 zephyr/libzephyr.a(log_core.c.obj)
                0x0000000000006f44                z_log_notify_backend_enabled
 .text.z_log_get_tag
                0x0000000000006f46        0x4 zephyr/libzephyr.a(log_core.c.obj)
                0x0000000000006f46                z_log_get_tag
 .text.z_log_msg_finalize
                0x0000000000006f4a       0x32 zephyr/libzephyr.a(log_msg.c.obj)
                0x0000000000006f4a                z_log_msg_finalize
 .text.out_func
                0x0000000000006f7c       0x1c zephyr/libzephyr.a(log_output.c.obj)
 .text.cr_out_func
                0x0000000000006f98       0x1c zephyr/libzephyr.a(log_output.c.obj)
 .text.buffer_write
                0x0000000000006fb4       0x1a zephyr/libzephyr.a(log_output.c.obj)
 .text.log_output_flush
                0x0000000000006fce       0x1a zephyr/libzephyr.a(log_output.c.obj)
                0x0000000000006fce                log_output_flush
 .text.log_backend_uart_init
                0x0000000000006fe8        0x2 zephyr/libzephyr.a(log_backend_uart.c.obj)
 .text.abort_function
                0x0000000000006fea        0x8 zephyr/libzephyr.a(nrf_cc3xx_platform_abort_zephyr.c.obj)
 .text.z_log_msg_runtime_create.constprop.0
                0x0000000000006ff2       0x20 zephyr/arch/arch/arm/core/aarch32/libarch__arm__core__aarch32.a(fatal.c.obj)
 .text.z_do_kernel_oops
                0x0000000000007012        0x8 zephyr/arch/arch/arm/core/aarch32/libarch__arm__core__aarch32.a(fatal.c.obj)
                0x0000000000007012                z_do_kernel_oops
 .text.z_irq_spurious
                0x000000000000701a        0x8 zephyr/arch/arch/arm/core/aarch32/libarch__arm__core__aarch32.a(irq_manage.c.obj)
                0x000000000000701a                z_irq_spurious
 .text.z_arm_nmi
                0x0000000000007022        0xe zephyr/arch/arch/arm/core/aarch32/libarch__arm__core__aarch32.a(nmi.c.obj)
                0x0000000000007022                z_arm_nmi
 .text.configure_builtin_stack_guard
                0x0000000000007030        0x8 zephyr/arch/arch/arm/core/aarch32/libarch__arm__core__aarch32.a(thread.c.obj)
                0x0000000000007030                configure_builtin_stack_guard
 .text.z_log_msg_runtime_create.constprop.0
                0x0000000000007038       0x20 zephyr/arch/arch/arm/core/aarch32/cortex_m/libarch__arm__core__aarch32__cortex_m.a(fault.c.obj)
 .text.arm_cmse_mpu_region_get
                0x0000000000007058       0x12 zephyr/arch/arch/arm/core/aarch32/cortex_m/cmse/libarch__arm__core__aarch32__cortex_m__cmse.a(arm_core_cmse.c.obj)
                0x0000000000007058                arm_cmse_mpu_region_get
 .text.z_log_msg_runtime_create.constprop.0
                0x000000000000706a       0x20 zephyr/arch/arch/arm/core/aarch32/mpu/libarch__arm__core__aarch32__mpu.a(arm_mpu.c.obj)
 .text.mpu_configure_region
                0x000000000000708a       0x32 zephyr/arch/arch/arm/core/aarch32/mpu/libarch__arm__core__aarch32__mpu.a(arm_mpu.c.obj)
 .text.cbputc   0x00000000000070bc        0xc zephyr/lib/libc/picolibc/liblib__libc__picolibc.a(libc-hooks.c.obj)
 .text.picolibc_put
                0x00000000000070c8        0xa zephyr/lib/libc/picolibc/liblib__libc__picolibc.a(libc-hooks.c.obj)
 .text.get_status
                0x00000000000070d2       0x12 zephyr/drivers/clock_control/libdrivers__clock_control.a(clock_control_nrf.c.obj)
 .text.set_on_state
                0x00000000000070e4       0x26 zephyr/drivers/clock_control/libdrivers__clock_control.a(clock_control_nrf.c.obj)
 .text.stop     0x000000000000710a       0x52 zephyr/drivers/clock_control/libdrivers__clock_control.a(clock_control_nrf.c.obj)
 .text.api_stop
                0x000000000000715c        0x6 zephyr/drivers/clock_control/libdrivers__clock_control.a(clock_control_nrf.c.obj)
 .text.async_start
                0x0000000000007162       0x5c zephyr/drivers/clock_control/libdrivers__clock_control.a(clock_control_nrf.c.obj)
 .text.api_start
                0x00000000000071be        0xe zephyr/drivers/clock_control/libdrivers__clock_control.a(clock_control_nrf.c.obj)
 .text.onoff_started_callback
                0x00000000000071cc       0x12 zephyr/drivers/clock_control/libdrivers__clock_control.a(clock_control_nrf.c.obj)
 .text.hfclkaudio_start
                0x00000000000071de        0x6 zephyr/drivers/clock_control/libdrivers__clock_control.a(clock_control_nrf.c.obj)
 .text.hfclk192m_start
                0x00000000000071e4        0x6 zephyr/drivers/clock_control/libdrivers__clock_control.a(clock_control_nrf.c.obj)
 .text.lfclk_start
                0x00000000000071ea        0x6 zephyr/drivers/clock_control/libdrivers__clock_control.a(clock_control_nrf.c.obj)
 .text.hfclkaudio_stop
                0x00000000000071f0        0x6 zephyr/drivers/clock_control/libdrivers__clock_control.a(clock_control_nrf.c.obj)
 .text.hfclk192m_stop
                0x00000000000071f6        0x6 zephyr/drivers/clock_control/libdrivers__clock_control.a(clock_control_nrf.c.obj)
 .text.lfclk_stop
                0x00000000000071fc        0x6 zephyr/drivers/clock_control/libdrivers__clock_control.a(clock_control_nrf.c.obj)
 .text.blocking_start_callback
                0x0000000000007202        0x6 zephyr/drivers/clock_control/libdrivers__clock_control.a(clock_control_nrf.c.obj)
 .text.gpio_nrfx_port_get_raw
                0x0000000000007208        0xc zephyr/drivers/gpio/libdrivers__gpio.a(gpio_nrfx.c.obj)
 .text.gpio_nrfx_port_set_masked_raw
                0x0000000000007214       0x14 zephyr/drivers/gpio/libdrivers__gpio.a(gpio_nrfx.c.obj)
 .text.gpio_nrfx_port_set_bits_raw
                0x0000000000007228        0xa zephyr/drivers/gpio/libdrivers__gpio.a(gpio_nrfx.c.obj)
 .text.gpio_nrfx_port_clear_bits_raw
                0x0000000000007232        0xa zephyr/drivers/gpio/libdrivers__gpio.a(gpio_nrfx.c.obj)
 .text.gpio_nrfx_port_toggle_bits
                0x000000000000723c       0x14 zephyr/drivers/gpio/libdrivers__gpio.a(gpio_nrfx.c.obj)
 .text.gpio_nrfx_manage_callback
                0x0000000000007250       0x52 zephyr/drivers/gpio/libdrivers__gpio.a(gpio_nrfx.c.obj)
 .text.mbox_nrf_register_callback
                0x00000000000072a2       0x1c zephyr/drivers/mbox/libdrivers__mbox.a(mbox_nrfx_ipc.c.obj)
 .text.mbox_nrf_mtu_get
                0x00000000000072be        0x4 zephyr/drivers/mbox/libdrivers__mbox.a(mbox_nrfx_ipc.c.obj)
 .text.mbox_nrf_max_channels_get
                0x00000000000072c2        0x4 zephyr/drivers/mbox/libdrivers__mbox.a(mbox_nrfx_ipc.c.obj)
 .text.z_log_msg_runtime_create.constprop.0
                0x00000000000072c6       0x20 zephyr/drivers/mbox/libdrivers__mbox.a(mbox_nrfx_ipc.c.obj)
 .text.pinctrl_lookup_state
                0x00000000000072e6       0x26 zephyr/drivers/pinctrl/libdrivers__pinctrl.a(common.c.obj)
                0x00000000000072e6                pinctrl_lookup_state
 .text.z_log_msg_runtime_create.constprop.0
                0x000000000000730c       0x20 zephyr/drivers/pwm/libdrivers__pwm.a(pwm_nrf_sw.c.obj)
 .text.uarte_nrfx_config_get
                0x000000000000732c       0x10 zephyr/drivers/serial/libdrivers__serial.a(uart_nrfx_uarte.c.obj)
 .text.uarte_nrfx_err_check
                0x000000000000733c        0xe zephyr/drivers/serial/libdrivers__serial.a(uart_nrfx_uarte.c.obj)
 .text.uarte_nrfx_poll_in
                0x000000000000734a       0x28 zephyr/drivers/serial/libdrivers__serial.a(uart_nrfx_uarte.c.obj)
 .text.is_tx_ready.isra.0
                0x0000000000007372       0x20 zephyr/drivers/serial/libdrivers__serial.a(uart_nrfx_uarte.c.obj)
 .text.uarte_nrfx_isr_int
                0x0000000000007392       0x72 zephyr/drivers/serial/libdrivers__serial.a(uart_nrfx_uarte.c.obj)
 .text.event_clear
                0x0000000000007404       0x18 zephyr/drivers/timer/libdrivers__timer.a(nrf_rtc_timer.c.obj)
 .text.z_nrf_rtc_timer_capture_task_address_get
                0x000000000000741c       0x12 zephyr/drivers/timer/libdrivers__timer.a(nrf_rtc_timer.c.obj)
                0x000000000000741c                z_nrf_rtc_timer_capture_task_address_get
 .text.z_nrf_rtc_timer_set
                0x000000000000742e       0x18 zephyr/drivers/timer/libdrivers__timer.a(nrf_rtc_timer.c.obj)
                0x000000000000742e                z_nrf_rtc_timer_set
 .text.sys_clock_cycle_get_32
                0x0000000000007446        0x8 zephyr/drivers/timer/libdrivers__timer.a(nrf_rtc_timer.c.obj)
                0x0000000000007446                sys_clock_cycle_get_32
 .text.hw_cc3xx_init_internal
                0x000000000000744e        0x4 modules/nrf/drivers/hw_cc310/lib..__nrf__drivers__hw_cc310.a(hw_cc310.c.obj)
 .text.hw_cc3xx_init
                0x0000000000007452       0x12 modules/nrf/drivers/hw_cc310/lib..__nrf__drivers__hw_cc310.a(hw_cc310.c.obj)
 .text.nrfx_isr
                0x0000000000007464        0x2 modules/hal_nordic/nrfx/libmodules__hal_nordic__nrfx.a(nrfx_glue.c.obj)
                0x0000000000007464                nrfx_isr
 .text.nrfx_busy_wait
                0x0000000000007466        0x4 modules/hal_nordic/nrfx/libmodules__hal_nordic__nrfx.a(nrfx_glue.c.obj)
                0x0000000000007466                nrfx_busy_wait
 .text.nrfx_gppi_event_endpoint_setup
                0x000000000000746a        0xa modules/hal_nordic/nrfx/libmodules__hal_nordic__nrfx.a(nrfx_gppi_dppi.c.obj)
                0x000000000000746a                nrfx_gppi_event_endpoint_setup
 .text.nrfx_gppi_task_endpoint_setup
                0x0000000000007474        0xa modules/hal_nordic/nrfx/libmodules__hal_nordic__nrfx.a(nrfx_gppi_dppi.c.obj)
                0x0000000000007474                nrfx_gppi_task_endpoint_setup
 .text.nrfx_gppi_channel_endpoints_setup
                0x000000000000747e        0xe modules/hal_nordic/nrfx/libmodules__hal_nordic__nrfx.a(nrfx_gppi_dppi.c.obj)
                0x000000000000747e                nrfx_gppi_channel_endpoints_setup
 .text.nrfx_gppi_event_endpoint_clear
                0x000000000000748c        0x8 modules/hal_nordic/nrfx/libmodules__hal_nordic__nrfx.a(nrfx_gppi_dppi.c.obj)
                0x000000000000748c                nrfx_gppi_event_endpoint_clear
 .text.nrfx_gppi_task_endpoint_clear
                0x0000000000007494        0x8 modules/hal_nordic/nrfx/libmodules__hal_nordic__nrfx.a(nrfx_gppi_dppi.c.obj)
                0x0000000000007494                nrfx_gppi_task_endpoint_clear
 .text.nrfx_gppi_channel_alloc
                0x000000000000749c        0x4 modules/hal_nordic/nrfx/libmodules__hal_nordic__nrfx.a(nrfx_gppi_dppi.c.obj)
                0x000000000000749c                nrfx_gppi_channel_alloc
 .text.clock_stop
                0x00000000000074a0      0x162 modules/hal_nordic/nrfx/libmodules__hal_nordic__nrfx.a(nrfx_clock.c.obj)
 .text.nrfx_clock_enable
                0x0000000000007602       0x24 modules/hal_nordic/nrfx/libmodules__hal_nordic__nrfx.a(nrfx_clock.c.obj)
                0x0000000000007602                nrfx_clock_enable
 .text.nrfx_clock_start
                0x0000000000007626       0xbe modules/hal_nordic/nrfx/libmodules__hal_nordic__nrfx.a(nrfx_clock.c.obj)
                0x0000000000007626                nrfx_clock_start
 .text.nrfx_clock_stop
                0x00000000000076e4        0x4 modules/hal_nordic/nrfx/libmodules__hal_nordic__nrfx.a(nrfx_clock.c.obj)
                0x00000000000076e4                nrfx_clock_stop
 .text.nrf_gpio_reconfigure
                0x00000000000076e8       0x92 modules/hal_nordic/nrfx/libmodules__hal_nordic__nrfx.a(nrfx_gpiote.c.obj)
 .text.nrf_gpio_cfg_sense_set
                0x000000000000777a       0x1e modules/hal_nordic/nrfx/libmodules__hal_nordic__nrfx.a(nrfx_gpiote.c.obj)
 .text.z_impl_k_busy_wait
                0x0000000000007798        0x8 zephyr/kernel/libkernel.a(busy_wait.c.obj)
                0x0000000000007798                z_impl_k_busy_wait
 .text.z_device_state_init
                0x00000000000077a0        0x2 zephyr/kernel/libkernel.a(device.c.obj)
                0x00000000000077a0                z_device_state_init
 .text.z_device_is_ready
                0x00000000000077a2       0x16 zephyr/kernel/libkernel.a(device.c.obj)
                0x00000000000077a2                z_device_is_ready
 .text.z_log_msg_runtime_create.constprop.0
                0x00000000000077b8       0x20 zephyr/kernel/libkernel.a(fatal.c.obj)
 .text.z_early_memset
                0x00000000000077d8        0x4 zephyr/kernel/libkernel.a(init.c.obj)
                0x00000000000077d8                z_early_memset
 .text.z_early_memcpy
                0x00000000000077dc        0x4 zephyr/kernel/libkernel.a(init.c.obj)
                0x00000000000077dc                z_early_memcpy
 .text.create_free_list
                0x00000000000077e0       0x2c zephyr/kernel/libkernel.a(mem_slab.c.obj)
 .text.k_mem_slab_init
                0x000000000000780c       0x1c zephyr/kernel/libkernel.a(mem_slab.c.obj)
                0x000000000000780c                k_mem_slab_init
 .text.k_mem_slab_free
                0x0000000000007828       0x4c zephyr/kernel/libkernel.a(mem_slab.c.obj)
                0x0000000000007828                k_mem_slab_free
 .text.k_is_in_isr
                0x0000000000007874        0xc zephyr/kernel/libkernel.a(thread.c.obj)
                0x0000000000007874                k_is_in_isr
 .text.k_thread_name_get
                0x0000000000007880        0x4 zephyr/kernel/libkernel.a(thread.c.obj)
                0x0000000000007880                k_thread_name_get
 .text.idle     0x0000000000007884       0x18 zephyr/kernel/libkernel.a(idle.c.obj)
                0x0000000000007884                idle
 .text.adjust_owner_prio.isra.0
                0x000000000000789c       0x10 zephyr/kernel/libkernel.a(mutex.c.obj)
 .text.z_impl_k_mutex_init
                0x00000000000078ac        0xe zephyr/kernel/libkernel.a(mutex.c.obj)
                0x00000000000078ac                z_impl_k_mutex_init
 .text.sys_dlist_remove
                0x00000000000078ba       0x10 zephyr/kernel/libkernel.a(sched.c.obj)
 .text.unpend_thread_no_timeout
                0x00000000000078ca       0x14 zephyr/kernel/libkernel.a(sched.c.obj)
 .text.add_to_waitq_locked
                0x00000000000078de       0x50 zephyr/kernel/libkernel.a(sched.c.obj)
 .text.z_ready_thread
                0x000000000000792e       0x20 zephyr/kernel/libkernel.a(sched.c.obj)
                0x000000000000792e                z_ready_thread
 .text.z_sched_wake_thread
                0x000000000000794e       0x44 zephyr/kernel/libkernel.a(sched.c.obj)
                0x000000000000794e                z_sched_wake_thread
 .text.z_thread_timeout
                0x0000000000007992        0x8 zephyr/kernel/libkernel.a(sched.c.obj)
                0x0000000000007992                z_thread_timeout
 .text.z_unpend_first_thread
                0x000000000000799a       0x38 zephyr/kernel/libkernel.a(sched.c.obj)
                0x000000000000799a                z_unpend_first_thread
 .text.z_reschedule_irqlock
                0x00000000000079d2       0x18 zephyr/kernel/libkernel.a(sched.c.obj)
                0x00000000000079d2                z_reschedule_irqlock
 .text.z_reschedule_unlocked
                0x00000000000079ea       0x14 zephyr/kernel/libkernel.a(sched.c.obj)
 .text.z_abort_timeout
                0x00000000000079fe       0x2c zephyr/kernel/libkernel.a(timeout.c.obj)
                0x00000000000079fe                z_abort_timeout
 .text.sys_clock_tick_get_32
                0x0000000000007a2a        0x8 zephyr/kernel/libkernel.a(timeout.c.obj)
                0x0000000000007a2a                sys_clock_tick_get_32
 .text._OffsetAbsSyms
                0x0000000000007a32        0x2 zephyr/CMakeFiles/offsets.dir/./arch/arm/core/offsets/offsets.c.obj
                0x0000000000007a32                _OffsetAbsSyms
 .text.strnlen  0x0000000000007a34       0x18 c:\ncs\toolchains\c57af46cb7\opt\zephyr-sdk\arm-zephyr-eabi\bin\../lib/gcc/../../picolibc/arm-zephyr-eabi/lib/thumb/v8-m.main/nofp\libc.a(libc_string_strnlen.c.o)
                0x0000000000007a34                strnlen
 .text.__ultoa_invert
                0x0000000000007a4c       0x38 c:\ncs\toolchains\c57af46cb7\opt\zephyr-sdk\arm-zephyr-eabi\bin\../lib/gcc/../../picolibc/arm-zephyr-eabi/lib/thumb/v8-m.main/nofp\libc.a(libc_tinystdio_vfiprintf.c.o)
 .text.memcpy   0x0000000000007a84       0x1a c:\ncs\toolchains\c57af46cb7\opt\zephyr-sdk\arm-zephyr-eabi\bin\../lib/gcc/../../picolibc/arm-zephyr-eabi/lib/thumb/v8-m.main/nofp\libc.a(memcpy.c.o)
                0x0000000000007a84                __aeabi_memcpy
                0x0000000000007a84                __aeabi_memcpy4
                0x0000000000007a84                __aeabi_memcpy8
                0x0000000000007a84                memcpy
 .text.memset   0x0000000000007a9e       0x10 c:\ncs\toolchains\c57af46cb7\opt\zephyr-sdk\arm-zephyr-eabi\bin\../lib/gcc/../../picolibc/arm-zephyr-eabi/lib/thumb/v8-m.main/nofp\libc.a(memset.c.o)
                0x0000000000007a9e                memset
 *(SORT_BY_ALIGNMENT(.TEXT.*))
 *fill*         0x0000000000007aae        0x2 
 .TEXT.__aeabi_read_tp
                0x0000000000007ab0        0xc zephyr/arch/arch/arm/core/aarch32/cortex_m/libarch__arm__core__aarch32__cortex_m.a(__aeabi_read_tp.S.obj)
                0x0000000000007ab0                __aeabi_read_tp
 *(SORT_BY_ALIGNMENT(.gnu.linkonce.t.*))
 *(SORT_BY_ALIGNMENT(.glue_7t))
 .glue_7t       0x0000000000007abc        0x0 linker stubs
 *(SORT_BY_ALIGNMENT(.glue_7))
 .glue_7        0x0000000000007abc        0x0 linker stubs
 *(SORT_BY_ALIGNMENT(.vfp11_veneer))
 .vfp11_veneer  0x0000000000007abc        0x0 linker stubs
 *(SORT_BY_ALIGNMENT(.v4_bx))
 .v4_bx         0x0000000000007abc        0x0 linker stubs
                0x0000000000007abc                . = ALIGN (0x4)
                0x0000000000007abc                __text_region_end = .

.ARM.exidx      0x0000000000007abc        0x8
                0x0000000000007abc                __exidx_start = .
 *(SORT_BY_ALIGNMENT(.ARM.exidx*) SORT_BY_ALIGNMENT(gnu.linkonce.armexidx.*))
 .ARM.exidx     0x0000000000007abc        0x8 c:/ncs/toolchains/c57af46cb7/opt/zephyr-sdk/arm-zephyr-eabi/bin/../lib/gcc/arm-zephyr-eabi/12.2.0/thumb/v8-m.main/nofp\libgcc.a(_udivmoddi4.o)
                0x0000000000007ac4                __exidx_end = .
                0x0000000000007ac4                __rodata_region_start = .

initlevel       0x0000000000007ac4       0x80
                0x0000000000007ac4                __init_start = .
                0x0000000000007ac4                __init_EARLY_start = .
 *(SORT_BY_NAME(SORT_BY_ALIGNMENT(.z_init_EARLY?_*)))
 *(SORT_BY_NAME(SORT_BY_ALIGNMENT(.z_init_EARLY??_*)))
                0x0000000000007ac4                __init_PRE_KERNEL_1_start = .
 *(SORT_BY_NAME(SORT_BY_ALIGNMENT(.z_init_PRE_KERNEL_1?_*)))
 .z_init_PRE_KERNEL_10_0_
                0x0000000000007ac4        0x8 zephyr/libzephyr.a(soc.c.obj)
 *(SORT_BY_NAME(SORT_BY_ALIGNMENT(.z_init_PRE_KERNEL_1??_*)))
 .z_init_PRE_KERNEL_130_00081_
                0x0000000000007acc        0x8 zephyr/drivers/clock_control/libdrivers__clock_control.a(clock_control_nrf.c.obj)
 .z_init_PRE_KERNEL_130_0_
                0x0000000000007ad4        0x8 zephyr/kernel/libkernel.a(mem_slab.c.obj)
 .z_init_PRE_KERNEL_140_00008_
                0x0000000000007adc        0x8 zephyr/drivers/gpio/libdrivers__gpio.a(gpio_nrfx.c.obj)
 .z_init_PRE_KERNEL_140_00009_
                0x0000000000007ae4        0x8 zephyr/drivers/gpio/libdrivers__gpio.a(gpio_nrfx.c.obj)
 .z_init_PRE_KERNEL_140_0_
                0x0000000000007aec        0x8 modules/nrf/drivers/hw_cc310/lib..__nrf__drivers__hw_cc310.a(hw_cc310.c.obj)
 .z_init_PRE_KERNEL_155_00120_
                0x0000000000007af4        0x8 zephyr/drivers/serial/libdrivers__serial.a(uart_nrfx_uarte.c.obj)
 .z_init_PRE_KERNEL_160_0_
                0x0000000000007afc        0x8 zephyr/drivers/console/libdrivers__console.a(uart_console.c.obj)
                0x0000000000007b04                __init_PRE_KERNEL_2_start = .
 *(SORT_BY_NAME(SORT_BY_ALIGNMENT(.z_init_PRE_KERNEL_2?_*)))
 .z_init_PRE_KERNEL_20_0_
                0x0000000000007b04        0x8 zephyr/drivers/timer/libdrivers__timer.a(nrf_rtc_timer.c.obj)
 *(SORT_BY_NAME(SORT_BY_ALIGNMENT(.z_init_PRE_KERNEL_2??_*)))
                0x0000000000007b0c                __init_POST_KERNEL_start = .
 *(SORT_BY_NAME(SORT_BY_ALIGNMENT(.z_init_POST_KERNEL?_*)))
 .z_init_POST_KERNEL0_0_
                0x0000000000007b0c        0x8 zephyr/libzephyr.a(soc.c.obj)
 .z_init_POST_KERNEL0_0_
                0x0000000000007b14        0x8 zephyr/libzephyr.a(log_core.c.obj)
 *(SORT_BY_NAME(SORT_BY_ALIGNMENT(.z_init_POST_KERNEL??_*)))
 .z_init_POST_KERNEL40_00022_
                0x0000000000007b1c        0x8 zephyr/drivers/mbox/libdrivers__mbox.a(mbox_nrfx_ipc.c.obj)
 .z_init_POST_KERNEL40_0_
                0x0000000000007b24        0x8 zephyr/lib/libc/common/liblib__libc__common.a(malloc.c.obj)
 .z_init_POST_KERNEL40_0_
                0x0000000000007b2c        0x8 modules/nrf/drivers/hw_cc310/lib..__nrf__drivers__hw_cc310.a(hw_cc310.c.obj)
 .z_init_POST_KERNEL50_00066_
                0x0000000000007b34        0x8 zephyr/drivers/pwm/libdrivers__pwm.a(pwm_nrf_sw.c.obj)
 .z_init_POST_KERNEL90_0_
                0x0000000000007b3c        0x8 zephyr/libzephyr.a(sync_rtc.c.obj)
                0x0000000000007b44                __init_APPLICATION_start = .
 *(SORT_BY_NAME(SORT_BY_ALIGNMENT(.z_init_APPLICATION?_*)))
 *(SORT_BY_NAME(SORT_BY_ALIGNMENT(.z_init_APPLICATION??_*)))
                0x0000000000007b44                __init_SMP_start = .
 *(SORT_BY_NAME(SORT_BY_ALIGNMENT(.z_init_SMP?_*)))
 *(SORT_BY_NAME(SORT_BY_ALIGNMENT(.z_init_SMP??_*)))
                0x0000000000007b44                __init_end = .

device_area     0x0000000000007b44       0x78
                0x0000000000007b44                _device_list_start = .
 *(SORT_BY_NAME(SORT_BY_ALIGNMENT(._device.static.*_?_*)))
 *(SORT_BY_NAME(SORT_BY_ALIGNMENT(._device.static.*_??_*)))
 ._device.static.1_30_
                0x0000000000007b44       0x14 zephyr/drivers/clock_control/libdrivers__clock_control.a(clock_control_nrf.c.obj)
                0x0000000000007b44                __device_dts_ord_81
 ._device.static.1_40_
                0x0000000000007b58       0x28 zephyr/drivers/gpio/libdrivers__gpio.a(gpio_nrfx.c.obj)
                0x0000000000007b58                __device_dts_ord_9
                0x0000000000007b6c                __device_dts_ord_8
 ._device.static.1_55_
                0x0000000000007b80       0x14 zephyr/drivers/serial/libdrivers__serial.a(uart_nrfx_uarte.c.obj)
                0x0000000000007b80                __device_dts_ord_120
 ._device.static.3_40_
                0x0000000000007b94       0x14 zephyr/drivers/mbox/libdrivers__mbox.a(mbox_nrfx_ipc.c.obj)
                0x0000000000007b94                __device_dts_ord_22
 ._device.static.3_50_
                0x0000000000007ba8       0x14 zephyr/drivers/pwm/libdrivers__pwm.a(pwm_nrf_sw.c.obj)
                0x0000000000007ba8                __device_dts_ord_66
                0x0000000000007bbc                _device_list_end = .

sw_isr_table    0x0000000000007bbc      0x228
                0x0000000000007bbc                . = ALIGN (0x4)
 *(SORT_BY_ALIGNMENT(.gnu.linkonce.sw_isr_table*))
 .gnu.linkonce.sw_isr_table
                0x0000000000007bbc      0x228 zephyr/CMakeFiles/zephyr_final.dir/isr_tables.c.obj
                0x0000000000007bbc                _sw_isr_table

initlevel_error
                0x0000000000007ac4        0x0
 *(SORT_BY_NAME(SORT_BY_ALIGNMENT(.z_init_[_A-Z0-9]*)))
                0x0000000000000001                ASSERT ((SIZEOF (initlevel_error) == 0x0), Undefined initialization levels used.)

app_shmem_regions
                0x0000000000007de4        0x0
                0x0000000000007de4                __app_shmem_regions_start = .
 *(SORT_BY_NAME(SORT_BY_ALIGNMENT(.app_regions.*)))
                0x0000000000007de4                __app_shmem_regions_end = .

k_p4wq_initparam_area
                0x0000000000007de4        0x0
                0x0000000000007de4                _k_p4wq_initparam_list_start = .
 *(SORT_BY_NAME(SORT_BY_ALIGNMENT(._k_p4wq_initparam.static.*)))
                0x0000000000007de4                _k_p4wq_initparam_list_end = .

_static_thread_data_area
                0x0000000000007de4        0x0
                0x0000000000007de4                __static_thread_data_list_start = .
 *(SORT_BY_NAME(SORT_BY_ALIGNMENT(.__static_thread_data.static.*)))
                0x0000000000007de4                __static_thread_data_list_end = .

device_deps     0x0000000000007de4        0x0
                0x0000000000007de4                __device_deps_start = .
 *(SORT_BY_NAME(SORT_BY_ALIGNMENT(.__device_deps_pass2*)))
                0x0000000000007de4                __device_deps_end = .

ztest           0x0000000000007de4        0x0
                0x0000000000007de4                _ztest_expected_result_entry_list_start = .
 *(SORT_BY_NAME(SORT_BY_ALIGNMENT(._ztest_expected_result_entry.static.*)))
                0x0000000000007de4                _ztest_expected_result_entry_list_end = .
                0x0000000000007de4                _ztest_suite_node_list_start = .
 *(SORT_BY_NAME(SORT_BY_ALIGNMENT(._ztest_suite_node.static.*)))
                0x0000000000007de4                _ztest_suite_node_list_end = .
                0x0000000000007de4                _ztest_unit_test_list_start = .
 *(SORT_BY_NAME(SORT_BY_ALIGNMENT(._ztest_unit_test.static.*)))
                0x0000000000007de4                _ztest_unit_test_list_end = .
                0x0000000000007de4                _ztest_test_rule_list_start = .
 *(SORT_BY_NAME(SORT_BY_ALIGNMENT(._ztest_test_rule.static.*)))
                0x0000000000007de4                _ztest_test_rule_list_end = .

bt_l2cap_fixed_chan_area
                0x0000000000007de4        0x0
                0x0000000000007de4                _bt_l2cap_fixed_chan_list_start = .
 *(SORT_BY_NAME(SORT_BY_ALIGNMENT(._bt_l2cap_fixed_chan.static.*)))
                0x0000000000007de4                _bt_l2cap_fixed_chan_list_end = .

bt_gatt_service_static_area
                0x0000000000007de4        0x0
                0x0000000000007de4                _bt_gatt_service_static_list_start = .
 *(SORT_BY_NAME(SORT_BY_ALIGNMENT(._bt_gatt_service_static.static.*)))
                0x0000000000007de4                _bt_gatt_service_static_list_end = .

log_strings_area
                0x0000000000007de4        0x0
                0x0000000000007de4                _log_strings_list_start = .
 *(SORT_BY_NAME(SORT_BY_ALIGNMENT(._log_strings.static.*)))
                0x0000000000007de4                _log_strings_list_end = .

log_const_area  0x0000000000007de4       0x80
                0x0000000000007de4                _log_const_list_start = .
 *(SORT_BY_NAME(SORT_BY_ALIGNMENT(._log_const.static.*)))
 ._log_const.static.log_const_NRFX_CLOCK_
                0x0000000000007de4        0x8 modules/hal_nordic/nrfx/libmodules__hal_nordic__nrfx.a(nrfx_clock.c.obj)
                0x0000000000007de4                log_const_NRFX_CLOCK
 ._log_const.static.log_const_NRFX_DPPI_
                0x0000000000007dec        0x8 modules/hal_nordic/nrfx/libmodules__hal_nordic__nrfx.a(nrfx_dppi.c.obj)
                0x0000000000007dec                log_const_NRFX_DPPI
 ._log_const.static.log_const_NRFX_GPIOTE_
                0x0000000000007df4        0x8 modules/hal_nordic/nrfx/libmodules__hal_nordic__nrfx.a(nrfx_gpiote.c.obj)
                0x0000000000007df4                log_const_NRFX_GPIOTE
 ._log_const.static.log_const_cbprintf_package_
                0x0000000000007dfc        0x8 zephyr/libzephyr.a(cbprintf_packaged.c.obj)
                0x0000000000007dfc                log_const_cbprintf_package
 ._log_const.static.log_const_clock_control_
                0x0000000000007e04        0x8 zephyr/drivers/clock_control/libdrivers__clock_control.a(clock_control_nrf.c.obj)
                0x0000000000007e04                log_const_clock_control
 ._log_const.static.log_const_fatal_error_
                0x0000000000007e0c        0x8 modules/nrf/lib/fatal_error/lib..__nrf__lib__fatal_error.a(fatal_error.c.obj)
                0x0000000000007e0c                log_const_fatal_error
 ._log_const.static.log_const_log_
                0x0000000000007e14        0x8 zephyr/libzephyr.a(log_core.c.obj)
                0x0000000000007e14                log_const_log
 ._log_const.static.log_const_log_mgmt_
                0x0000000000007e1c        0x8 zephyr/libzephyr.a(log_mgmt.c.obj)
                0x0000000000007e1c                log_const_log_mgmt
 ._log_const.static.log_const_log_uart_
                0x0000000000007e24        0x8 zephyr/libzephyr.a(log_backend_uart.c.obj)
                0x0000000000007e24                log_const_log_uart
 ._log_const.static.log_const_mbox_nrfx_ipc_
                0x0000000000007e2c        0x8 zephyr/drivers/mbox/libdrivers__mbox.a(mbox_nrfx_ipc.c.obj)
                0x0000000000007e2c                log_const_mbox_nrfx_ipc
 ._log_const.static.log_const_mpu_
                0x0000000000007e34        0x8 zephyr/arch/arch/arm/core/aarch32/mpu/libarch__arm__core__aarch32__mpu.a(arm_core_mpu.c.obj)
                0x0000000000007e34                log_const_mpu
 ._log_const.static.log_const_os_
                0x0000000000007e3c        0x8 zephyr/kernel/libkernel.a(init.c.obj)
                0x0000000000007e3c                log_const_os
 ._log_const.static.log_const_pwm_nrf_sw_
                0x0000000000007e44        0x8 zephyr/drivers/pwm/libdrivers__pwm.a(pwm_nrf_sw.c.obj)
                0x0000000000007e44                log_const_pwm_nrf_sw
 ._log_const.static.log_const_soc_
                0x0000000000007e4c        0x8 zephyr/libzephyr.a(soc.c.obj)
                0x0000000000007e4c                log_const_soc
 ._log_const.static.log_const_sync_rtc_
                0x0000000000007e54        0x8 zephyr/libzephyr.a(sync_rtc.c.obj)
                0x0000000000007e54                log_const_sync_rtc
 ._log_const.static.log_const_uart_nrfx_uarte_
                0x0000000000007e5c        0x8 zephyr/drivers/serial/libdrivers__serial.a(uart_nrfx_uarte.c.obj)
                0x0000000000007e5c                log_const_uart_nrfx_uarte
                0x0000000000007e64                _log_const_list_end = .

log_backend_area
                0x0000000000007e64       0x10
                0x0000000000007e64                _log_backend_list_start = .
 *(SORT_BY_NAME(SORT_BY_ALIGNMENT(._log_backend.static.*)))
 ._log_backend.static.log_backend_uart_
                0x0000000000007e64       0x10 zephyr/libzephyr.a(log_backend_uart.c.obj)
                0x0000000000007e74                _log_backend_list_end = .

log_link_area   0x0000000000007e74        0x0
                0x0000000000007e74                _log_link_list_start = .
 *(SORT_BY_NAME(SORT_BY_ALIGNMENT(._log_link.static.*)))
                0x0000000000007e74                _log_link_list_end = .

tracing_backend_area
                0x0000000000007e74        0x0
                0x0000000000007e74                _tracing_backend_list_start = .
 *(SORT_BY_NAME(SORT_BY_ALIGNMENT(._tracing_backend.static.*)))
                0x0000000000007e74                _tracing_backend_list_end = .

zephyr_dbg_info
 *(SORT_BY_ALIGNMENT(.dbg_thread_info))

symbol_to_keep  0x0000000000007e74        0x0
                0x0000000000007e74                __symbol_to_keep_start = .
 *(SORT_BY_NAME(SORT_BY_ALIGNMENT(.symbol_to_keep*)))
                0x0000000000007e74                __symbol_to_keep_end = .

shell_area      0x0000000000007e74        0x0
                0x0000000000007e74                _shell_list_start = .
 *(SORT_BY_NAME(SORT_BY_ALIGNMENT(._shell.static.*)))
                0x0000000000007e74                _shell_list_end = .

shell_root_cmds_area
                0x0000000000007e74        0x0
                0x0000000000007e74                _shell_root_cmds_list_start = .
 *(SORT_BY_NAME(SORT_BY_ALIGNMENT(._shell_root_cmds.static.*)))
                0x0000000000007e74                _shell_root_cmds_list_end = .

shell_subcmds_area
                0x0000000000007e74        0x0
                0x0000000000007e74                _shell_subcmds_list_start = .
 *(SORT_BY_NAME(SORT_BY_ALIGNMENT(._shell_subcmds.static.*)))
                0x0000000000007e74                _shell_subcmds_list_end = .

shell_dynamic_subcmds_area
                0x0000000000007e74        0x0
                0x0000000000007e74                _shell_dynamic_subcmds_list_start = .
 *(SORT_BY_NAME(SORT_BY_ALIGNMENT(._shell_dynamic_subcmds.static.*)))
                0x0000000000007e74                _shell_dynamic_subcmds_list_end = .

cfb_font_area   0x0000000000007e74        0x0
                0x0000000000007e74                _cfb_font_list_start = .
 *(SORT_BY_NAME(SORT_BY_ALIGNMENT(._cfb_font.static.*)))
                0x0000000000007e74                _cfb_font_list_end = .

tdata           0x0000000000007e74        0x0
 *(SORT_BY_ALIGNMENT(.tdata) SORT_BY_ALIGNMENT(.tdata.*) SORT_BY_ALIGNMENT(.gnu.linkonce.td.*))

tbss            0x0000000000007e74        0x4
 *(SORT_BY_ALIGNMENT(.tbss) SORT_BY_ALIGNMENT(.tbss.*) SORT_BY_ALIGNMENT(.gnu.linkonce.tb.*) SORT_BY_ALIGNMENT(.tcommon))
 .tbss.z_tls_current
                0x0000000000007e74        0x4 zephyr/libzephyr.a(thread_entry.c.obj)
                0x0000000000007e74                z_tls_current
                0x0000000000007e74                PROVIDE (__tdata_start = LOADADDR (tdata))
                0x0000000000000000                PROVIDE (__tdata_size = SIZEOF (tdata))
                [!provide]                        PROVIDE (__tdata_end = (__tdata_start + __tdata_size))
                0x0000000000000001                PROVIDE (__tdata_align = ALIGNOF (tdata))
                [!provide]                        PROVIDE (__tbss_start = ADDR (tbss))
                0x0000000000000004                PROVIDE (__tbss_size = SIZEOF (tbss))
                [!provide]                        PROVIDE (__tbss_end = (__tbss_start + __tbss_size))
                0x0000000000000004                PROVIDE (__tbss_align = ALIGNOF (tbss))
                [!provide]                        PROVIDE (__tls_start = __tdata_start)
                [!provide]                        PROVIDE (__tls_end = __tbss_end)
                [!provide]                        PROVIDE (__tls_size = (__tbss_end - __tdata_start))

rodata          0x0000000000007e80      0xd94
 *(SORT_BY_ALIGNMENT(.rodata))
 *(SORT_BY_ALIGNMENT(.rodata.*))
 .rodata.delay_machine_code.0
                0x0000000000007e80        0x6 zephyr/libzephyr.a(soc.c.obj)
 *fill*         0x0000000000007e86        0x2 
 .rodata.format_table
                0x0000000000007e88       0x10 zephyr/libzephyr.a(log_core.c.obj)
 .rodata.colors
                0x0000000000007e98       0x14 zephyr/libzephyr.a(log_output.c.obj)
 .rodata.severity
                0x0000000000007eac       0x14 zephyr/libzephyr.a(log_output.c.obj)
 .rodata.log_backend_uart_api
                0x0000000000007ec0       0x1c zephyr/libzephyr.a(log_backend_uart.c.obj)
                0x0000000000007ec0                log_backend_uart_api
 .rodata.log_output_uart
                0x0000000000007edc       0x10 zephyr/libzephyr.a(log_backend_uart.c.obj)
 .rodata.apis   0x0000000000007eec        0x8 zephyr/libzephyr.a(nrf_cc3xx_platform_abort_zephyr.c.obj)
 .rodata.mutexes
                0x0000000000007ef4       0x14 zephyr/libzephyr.a(nrf_cc3xx_platform_mutex_zephyr.c.obj)
 .rodata.mutex_apis
                0x0000000000007f08       0x10 zephyr/libzephyr.a(nrf_cc3xx_platform_mutex_zephyr.c.obj)
 .rodata.static_regions
                0x0000000000007f18        0xc zephyr/arch/arch/arm/core/aarch32/mpu/libarch__arm__core__aarch32__mpu.a(arm_core_mpu.c.obj)
 .rodata.mpu_config
                0x0000000000007f24        0x8 zephyr/soc/soc/arm/common/cortex_m/libsoc__arm__common__cortex_m.a(arm_mpu_regions.c.obj)
                0x0000000000007f24                mpu_config
 .rodata.mpu_regions
                0x0000000000007f2c       0x20 zephyr/soc/soc/arm/common/cortex_m/libsoc__arm__common__cortex_m.a(arm_mpu_regions.c.obj)
 .rodata.transitions.0
                0x0000000000007f4c        0xc zephyr/drivers/clock_control/libdrivers__clock_control.a(clock_control_nrf.c.obj)
 .rodata.config
                0x0000000000007f58       0x30 zephyr/drivers/clock_control/libdrivers__clock_control.a(clock_control_nrf.c.obj)
 .rodata.clock_control_api
                0x0000000000007f88       0x1c zephyr/drivers/clock_control/libdrivers__clock_control.a(clock_control_nrf.c.obj)
 .rodata.gpio_nrfx_p1_cfg
                0x0000000000007fa4       0x10 zephyr/drivers/gpio/libdrivers__gpio.a(gpio_nrfx.c.obj)
 .rodata.gpio_nrfx_p0_cfg
                0x0000000000007fb4       0x10 zephyr/drivers/gpio/libdrivers__gpio.a(gpio_nrfx.c.obj)
 .rodata.gpio_nrfx_drv_api_funcs
                0x0000000000007fc4       0x24 zephyr/drivers/gpio/libdrivers__gpio.a(gpio_nrfx.c.obj)
 .rodata.mbox_nrf_driver_api
                0x0000000000007fe8       0x14 zephyr/drivers/mbox/libdrivers__mbox.a(mbox_nrfx_ipc.c.obj)
 .rodata.pwm_nrf_sw_0_config
                0x0000000000007ffc        0x8 zephyr/drivers/pwm/libdrivers__pwm.a(pwm_nrf_sw.c.obj)
 .rodata.pwm_nrf_sw_drv_api_funcs
                0x0000000000008004        0x8 zephyr/drivers/pwm/libdrivers__pwm.a(pwm_nrf_sw.c.obj)
 .rodata.uarte_0z_config
                0x000000000000800c       0x10 zephyr/drivers/serial/libdrivers__serial.a(uart_nrfx_uarte.c.obj)
 .rodata.__pinctrl_dev_config__device_dts_ord_120
                0x000000000000801c        0xc zephyr/drivers/serial/libdrivers__serial.a(uart_nrfx_uarte.c.obj)
 .rodata.__pinctrl_states__device_dts_ord_120
                0x0000000000008028        0x8 zephyr/drivers/serial/libdrivers__serial.a(uart_nrfx_uarte.c.obj)
 .rodata.__pinctrl_state_pins_0__device_dts_ord_120
                0x0000000000008030       0x10 zephyr/drivers/serial/libdrivers__serial.a(uart_nrfx_uarte.c.obj)
 .rodata.uart_nrfx_uarte_driver_api
                0x0000000000008040       0x14 zephyr/drivers/serial/libdrivers__serial.a(uart_nrfx_uarte.c.obj)
 .rodata._k_neg_eagain
                0x0000000000008054        0x4 zephyr/kernel/libkernel.a(errno.c.obj)
                0x0000000000008054                _k_neg_eagain
 .rodata.CSWTCH.11
                0x0000000000008058       0x14 zephyr/kernel/libkernel.a(fatal.c.obj)
 .rodata.levels.0
                0x000000000000806c       0x18 zephyr/kernel/libkernel.a(init.c.obj)
 .rodata.CSWTCH.10
                0x0000000000008084       0x20 C:/ncs/v2.5.0/nrfxlib/crypto/nrf_cc312_platform/lib/cortex-m33/soft-float/no-interrupts/libnrf_cc312_platform_0.9.18.a(nrf_cc3xx_platform.c.obj)
 .rodata.mutex_free.str1.4
                0x00000000000080a4       0x26 C:/ncs/v2.5.0/nrfxlib/crypto/nrf_cc312_platform/lib/cortex-m33/soft-float/no-interrupts/libnrf_cc312_platform_0.9.18.a(nrf_cc3xx_platform_mutex.c.obj)
 *fill*         0x00000000000080ca        0x2 
 .rodata.mutex_init.str1.4
                0x00000000000080cc       0x23 C:/ncs/v2.5.0/nrfxlib/crypto/nrf_cc312_platform/lib/cortex-m33/soft-float/no-interrupts/libnrf_cc312_platform_0.9.18.a(nrf_cc3xx_platform_mutex.c.obj)
 *fill*         0x00000000000080ef        0x1 
 .rodata.CC_PalPowerSaveModeInit.str1.4
                0x00000000000080f0       0x20 C:/ncs/v2.5.0/nrfxlib/crypto/nrf_cc312_platform/lib/cortex-m33/soft-float/no-interrupts/libnrf_cc312_platform_0.9.18.a(cc_pal_pm.c.obj)
 .rodata.main.str1.1
                0x0000000000008110       0x93 app/libapp.a(main.c.obj)
                                         0x95 (size before relaxing)
 .rodata.str1.1
                0x00000000000081a3       0x11 zephyr/libzephyr.a(cbprintf_packaged.c.obj)